Copyright 1986-2016 Xilinx, Inc. All Rights Reserved.
----------------------------------------------------------------------------------------------------------------------------------------------------------------------
| Tool Version     : Vivado v.2016.2 (win64) Build 1577090 Thu Jun  2 16:32:40 MDT 2016
| Date             : Wed Mar 14 22:57:57 2018
| Host             : eews908b-006 running 64-bit Service Pack 1  (build 7601)
| Command          : report_power -file design_1_wrapper_power_routed.rpt -pb design_1_wrapper_power_summary_routed.pb -rpx design_1_wrapper_power_routed.rpx
| Design           : design_1_wrapper
| Device           : xc7z020clg484-1
| Design State     : routed
| Grade            : commercial
| Process          : typical
| Characterization : Production
----------------------------------------------------------------------------------------------------------------------------------------------------------------------

Power Report

Table of Contents
-----------------
1. Summary
1.1 On-Chip Components
1.2 Power Supply Summary
1.3 Confidence Level
2. Settings
2.1 Environment
2.2 Clock Constraints
3. Detailed Reports
3.1 By Hierarchy

1. Summary
----------

+--------------------------+--------+
| Total On-Chip Power (W)  | 2.654  |
| Dynamic (W)              | 2.458  |
| Device Static (W)        | 0.196  |
| Effective TJA (C/W)      | 11.5   |
| Max Ambient (C)          | 54.4   |
| Junction Temperature (C) | 55.6   |
| Confidence Level         | Medium |
| Setting File             | ---    |
| Simulation Activity File | ---    |
| Design Nets Matched      | NA     |
+--------------------------+--------+


1.1 On-Chip Components
----------------------

+-------------------------+-----------+----------+-----------+-----------------+
| On-Chip                 | Power (W) | Used     | Available | Utilization (%) |
+-------------------------+-----------+----------+-----------+-----------------+
| Clocks                  |     0.072 |        3 |       --- |             --- |
| Slice Logic             |     0.273 |    77344 |       --- |             --- |
|   LUT as Logic          |     0.236 |    41643 |     53200 |           78.28 |
|   CARRY4                |     0.027 |     7126 |     13300 |           53.58 |
|   Register              |     0.008 |    15537 |    106400 |           14.60 |
|   LUT as Shift Register |     0.002 |      863 |     17400 |            4.96 |
|   F7/F8 Muxes           |    <0.001 |      158 |     53200 |            0.30 |
|   Others                |     0.000 |     1793 |       --- |             --- |
| Signals                 |     0.310 |    67120 |       --- |             --- |
| Block RAM               |     0.028 |       63 |       140 |           45.00 |
| DSPs                    |     0.244 |      216 |       220 |           98.18 |
| PS7                     |     1.531 |        1 |       --- |             --- |
| Static Power            |     0.196 |          |           |                 |
| Total                   |     2.654 |          |           |                 |
+-------------------------+-----------+----------+-----------+-----------------+


1.2 Power Supply Summary
------------------------

+-----------+-------------+-----------+-------------+------------+
| Source    | Voltage (V) | Total (A) | Dynamic (A) | Static (A) |
+-----------+-------------+-----------+-------------+------------+
| Vccint    |       1.000 |     0.953 |       0.924 |      0.029 |
| Vccaux    |       1.800 |     0.023 |       0.000 |      0.023 |
| Vcco33    |       3.300 |     0.001 |       0.000 |      0.001 |
| Vcco25    |       2.500 |     0.000 |       0.000 |      0.000 |
| Vcco18    |       1.800 |     0.001 |       0.000 |      0.001 |
| Vcco15    |       1.500 |     0.001 |       0.000 |      0.001 |
| Vcco135   |       1.350 |     0.000 |       0.000 |      0.000 |
| Vcco12    |       1.200 |     0.000 |       0.000 |      0.000 |
| Vccaux_io |       1.800 |     0.000 |       0.000 |      0.000 |
| Vccbram   |       1.000 |     0.010 |       0.002 |      0.007 |
| MGTAVcc   |       1.000 |     0.000 |       0.000 |      0.000 |
| MGTAVtt   |       1.200 |     0.000 |       0.000 |      0.000 |
| MGTVccaux |       1.800 |     0.000 |       0.000 |      0.000 |
| Vccpint   |       1.000 |     0.764 |       0.720 |      0.044 |
| Vccpaux   |       1.800 |     0.061 |       0.051 |      0.010 |
| Vccpll    |       1.800 |     0.017 |       0.014 |      0.003 |
| Vcco_ddr  |       1.500 |     0.459 |       0.457 |      0.002 |
| Vcco_mio0 |       3.300 |     0.003 |       0.002 |      0.001 |
| Vcco_mio1 |       1.800 |     0.003 |       0.002 |      0.001 |
| Vccadc    |       1.800 |     0.020 |       0.000 |      0.020 |
+-----------+-------------+-----------+-------------+------------+


1.3 Confidence Level
--------------------

+-----------------------------+------------+------------------------------------------------+------------------------------------------------------------------------------------------------------------+
| User Input Data             | Confidence | Details                                        | Action                                                                                                     |
+-----------------------------+------------+------------------------------------------------+------------------------------------------------------------------------------------------------------------+
| Design implementation state | High       | Design is routed                               |                                                                                                            |
| Clock nodes activity        | High       | User specified more than 95% of clocks         |                                                                                                            |
| I/O nodes activity          | High       | User specified more than 95% of inputs         |                                                                                                            |
| Internal nodes activity     | Medium     | User specified less than 25% of internal nodes | Provide missing internal nodes activity with simulation results or by editing the "By Resource Type" views |
| Device models               | High       | Device models are Production                   |                                                                                                            |
|                             |            |                                                |                                                                                                            |
| Overall confidence level    | Medium     |                                                |                                                                                                            |
+-----------------------------+------------+------------------------------------------------+------------------------------------------------------------------------------------------------------------+


2. Settings
-----------

2.1 Environment
---------------

+-----------------------+------------------------+
| Ambient Temp (C)      | 25.0                   |
| ThetaJA (C/W)         | 11.5                   |
| Airflow (LFM)         | 250                    |
| Heat Sink             | none                   |
| ThetaSA (C/W)         | 0.0                    |
| Board Selection       | medium (10"x10")       |
| # of Board Layers     | 8to11 (8 to 11 Layers) |
| Board Temperature (C) | 25.0                   |
+-----------------------+------------------------+


2.2 Clock Constraints
---------------------

+------------+-------------------------------------------------------------+-----------------+
| Clock      | Domain                                                      | Constraint (ns) |
+------------+-------------------------------------------------------------+-----------------+
| clk_fpga_0 | design_1_i/processing_system7_0/inst/FCLK_CLK_unbuffered[0] |            10.0 |
+------------+-------------------------------------------------------------+-----------------+


3. Detailed Reports
-------------------

3.1 By Hierarchy
----------------

+----------------------------------------------------------------+-----------+
| Name                                                           | Power (W) |
+----------------------------------------------------------------+-----------+
| design_1_wrapper                                               |     2.458 |
|   design_1_i                                                   |     2.458 |
|     processing_system7_0                                       |     1.533 |
|       inst                                                     |     1.533 |
|     processing_system7_0_axi_periph                            |     0.007 |
|       s00_couplers                                             |     0.007 |
|         auto_pc                                                |     0.007 |
|           inst                                                 |     0.007 |
|             gen_axilite.gen_b2s_conv.axilite_b2s               |     0.007 |
|               RD.ar_channel_0                                  |     0.002 |
|                 ar_cmd_fsm_0                                   |    <0.001 |
|                 cmd_translator_0                               |     0.001 |
|                   incr_cmd_0                                   |    <0.001 |
|                   wrap_cmd_0                                   |    <0.001 |
|               RD.r_channel_0                                   |     0.002 |
|                 rd_data_fifo_0                                 |    <0.001 |
|                 transaction_fifo_0                             |    <0.001 |
|               SI_REG                                           |     0.002 |
|                 ar_pipe                                        |    <0.001 |
|                 aw_pipe                                        |    <0.001 |
|                 b_pipe                                         |    <0.001 |
|                 r_pipe                                         |    <0.001 |
|               WR.aw_channel_0                                  |     0.001 |
|                 aw_cmd_fsm_0                                   |    <0.001 |
|                 cmd_translator_0                               |    <0.001 |
|                   incr_cmd_0                                   |    <0.001 |
|                   wrap_cmd_0                                   |    <0.001 |
|               WR.b_channel_0                                   |    <0.001 |
|                 bid_fifo_0                                     |    <0.001 |
|                 bresp_fifo_0                                   |    <0.001 |
|     processing_system7_0_axi_periph_1                          |     0.007 |
|       s00_couplers                                             |     0.007 |
|         auto_pc                                                |     0.007 |
|           inst                                                 |     0.007 |
|             gen_axilite.gen_b2s_conv.axilite_b2s               |     0.007 |
|               RD.ar_channel_0                                  |     0.001 |
|                 ar_cmd_fsm_0                                   |    <0.001 |
|                 cmd_translator_0                               |    <0.001 |
|                   incr_cmd_0                                   |    <0.001 |
|                   wrap_cmd_0                                   |    <0.001 |
|               RD.r_channel_0                                   |     0.002 |
|                 rd_data_fifo_0                                 |    <0.001 |
|                 transaction_fifo_0                             |    <0.001 |
|               SI_REG                                           |     0.002 |
|                 ar_pipe                                        |    <0.001 |
|                 aw_pipe                                        |    <0.001 |
|                 b_pipe                                         |    <0.001 |
|                 r_pipe                                         |    <0.001 |
|               WR.aw_channel_0                                  |     0.001 |
|                 aw_cmd_fsm_0                                   |    <0.001 |
|                 cmd_translator_0                               |    <0.001 |
|                   incr_cmd_0                                   |    <0.001 |
|                   wrap_cmd_0                                   |    <0.001 |
|               WR.b_channel_0                                   |    <0.001 |
|                 bid_fifo_0                                     |    <0.001 |
|                 bresp_fifo_0                                   |    <0.001 |
|     rst_processing_system7_0_100M                              |    <0.001 |
|       U0                                                       |    <0.001 |
|         EXT_LPF                                                |    <0.001 |
|           ACTIVE_LOW_EXT.ACT_LO_EXT                            |    <0.001 |
|         SEQ                                                    |    <0.001 |
|           SEQ_COUNTER                                          |    <0.001 |
|     svm_classifier_0                                           |     0.452 |
|       inst                                                     |     0.448 |
|         ch_sums_0_0_V_loc_channel_U                            |    <0.001 |
|           U_FIFO_svm_classifier_ch_sums_0_0_V_loc_channel_ram  |    <0.001 |
|         ch_sums_1_0_V_loc_channel_U                            |    <0.001 |
|           U_FIFO_svm_classifier_ch_sums_1_0_V_loc_channel_ram  |    <0.001 |
|         ch_sums_2_0_V_loc_channel_U                            |    <0.001 |
|           U_FIFO_svm_classifier_ch_sums_2_0_V_loc_channel_ram  |    <0.001 |
|         ch_sums_3_0_V_loc_channel_U                            |    <0.001 |
|           U_FIFO_svm_classifier_ch_sums_3_0_V_loc_channel_ram  |    <0.001 |
|         ch_sums_4_0_V_loc_channel_U                            |    <0.001 |
|           U_FIFO_svm_classifier_ch_sums_4_0_V_loc_channel_ram  |    <0.001 |
|         ch_sums_5_0_V_loc_channel_U                            |    <0.001 |
|           U_FIFO_svm_classifier_ch_sums_5_0_V_loc_channel_ram  |    <0.001 |
|         ch_sums_V_6_0_loc_channel_U                            |    <0.001 |
|           U_FIFO_svm_classifier_ch_sums_V_6_0_loc_channel_ram  |    <0.001 |
|         ch_sums_V_7_0_loc_channel_U                            |    <0.001 |
|           U_FIFO_svm_classifier_ch_sums_V_7_0_loc_channel_ram  |    <0.001 |
|         ch_sums_V_8_0_loc_channel_U                            |    <0.001 |
|           U_FIFO_svm_classifier_ch_sums_V_8_0_loc_channel_ram  |    <0.001 |
|         in_V_channel_U                                         |     0.004 |
|           U_FIFO_svm_classifier_in_V_channel_ram               |     0.003 |
|         s_in_0_V_loc_channel_U                                 |    <0.001 |
|           U_FIFO_svm_classifier_s_in_0_V_loc_channel_ram       |    <0.001 |
|         s_in_10_V_loc_channel_U                                |    <0.001 |
|           U_FIFO_svm_classifier_s_in_10_V_loc_channel_ram      |    <0.001 |
|         s_in_11_V_loc_channel_U                                |    <0.001 |
|           U_FIFO_svm_classifier_s_in_11_V_loc_channel_ram      |    <0.001 |
|         s_in_12_V_loc_channel_U                                |    <0.001 |
|           U_FIFO_svm_classifier_s_in_12_V_loc_channel_ram      |    <0.001 |
|         s_in_13_V_loc_channel_U                                |    <0.001 |
|           U_FIFO_svm_classifier_s_in_13_V_loc_channel_ram      |    <0.001 |
|         s_in_14_V_loc_channel_U                                |    <0.001 |
|           U_FIFO_svm_classifier_s_in_14_V_loc_channel_ram      |    <0.001 |
|         s_in_15_V_loc_channel_U                                |    <0.001 |
|           U_FIFO_svm_classifier_s_in_15_V_loc_channel_ram      |    <0.001 |
|         s_in_1_V_loc_channel_U                                 |    <0.001 |
|           U_FIFO_svm_classifier_s_in_1_V_loc_channel_ram       |    <0.001 |
|         s_in_2_V_loc_channel_U                                 |    <0.001 |
|           U_FIFO_svm_classifier_s_in_2_V_loc_channel_ram       |    <0.001 |
|         s_in_3_V_loc_channel_U                                 |    <0.001 |
|           U_FIFO_svm_classifier_s_in_3_V_loc_channel_ram       |    <0.001 |
|         s_in_4_V_loc_channel_U                                 |    <0.001 |
|           U_FIFO_svm_classifier_s_in_4_V_loc_channel_ram       |    <0.001 |
|         s_in_5_V_loc_channel_U                                 |    <0.001 |
|           U_FIFO_svm_classifier_s_in_5_V_loc_channel_ram       |    <0.001 |
|         s_in_6_V_loc_channel_U                                 |    <0.001 |
|           U_FIFO_svm_classifier_s_in_6_V_loc_channel_ram       |    <0.001 |
|         s_in_7_V_loc_channel_U                                 |    <0.001 |
|           U_FIFO_svm_classifier_s_in_7_V_loc_channel_ram       |    <0.001 |
|         s_in_8_V_loc_channel_U                                 |    <0.001 |
|           U_FIFO_svm_classifier_s_in_8_V_loc_channel_ram       |    <0.001 |
|         s_in_9_V_loc_channel_U                                 |    <0.001 |
|           U_FIFO_svm_classifier_s_in_9_V_loc_channel_ram       |    <0.001 |
|         svm_classifier_AXILiteS_s_axi_U                        |     0.003 |
|         svm_classifier_Block_preheader_0_proc1_U0              |    <0.001 |
|         svm_classifier_Block_proc_U0                           |     0.001 |
|         svm_classifier_Loop_Sum_loop_proc1_U0                  |     0.438 |
|           SVs_V_0_U                                            |     0.002 |
|             svm_classifier_Loop_Sum_loop_proc1_SVs_V_0_rom_U   |     0.002 |
|           SVs_V_1_U                                            |     0.002 |
|             svm_classifier_Loop_Sum_loop_proc1_SVs_V_1_rom_U   |     0.002 |
|           SVs_V_2_U                                            |     0.002 |
|             svm_classifier_Loop_Sum_loop_proc1_SVs_V_2_rom_U   |     0.002 |
|           SVs_V_3_U                                            |     0.002 |
|             svm_classifier_Loop_Sum_loop_proc1_SVs_V_3_rom_U   |     0.002 |
|           SVs_V_4_U                                            |     0.002 |
|             svm_classifier_Loop_Sum_loop_proc1_SVs_V_4_rom_U   |     0.002 |
|           SVs_V_5_U                                            |     0.002 |
|             svm_classifier_Loop_Sum_loop_proc1_SVs_V_5_rom_U   |     0.002 |
|           SVs_V_6_U                                            |     0.002 |
|             svm_classifier_Loop_Sum_loop_proc1_SVs_V_6_rom_U   |     0.002 |
|           SVs_V_7_U                                            |     0.002 |
|             svm_classifier_Loop_Sum_loop_proc1_SVs_V_7_rom_U   |     0.002 |
|           SVs_V_8_U                                            |     0.002 |
|             svm_classifier_Loop_Sum_loop_proc1_SVs_V_8_rom_U   |     0.002 |
|           alpha_V_0_U                                          |    <0.001 |
|             svm_classifier_Loop_Sum_loop_proc1_alpha_V_0_rom_U |    <0.001 |
|           alpha_V_1_U                                          |    <0.001 |
|             svm_classifier_Loop_Sum_loop_proc1_alpha_V_1_rom_U |    <0.001 |
|           alpha_V_2_U                                          |    <0.001 |
|             svm_classifier_Loop_Sum_loop_proc1_alpha_V_2_rom_U |    <0.001 |
|           alpha_V_3_U                                          |    <0.001 |
|             svm_classifier_Loop_Sum_loop_proc1_alpha_V_3_rom_U |    <0.001 |
|           alpha_V_4_U                                          |    <0.001 |
|             svm_classifier_Loop_Sum_loop_proc1_alpha_V_4_rom_U |    <0.001 |
|           alpha_V_5_U                                          |    <0.001 |
|             svm_classifier_Loop_Sum_loop_proc1_alpha_V_5_rom_U |    <0.001 |
|           alpha_V_6_U                                          |    <0.001 |
|             svm_classifier_Loop_Sum_loop_proc1_alpha_V_6_rom_U |    <0.001 |
|           alpha_V_7_U                                          |    <0.001 |
|             svm_classifier_Loop_Sum_loop_proc1_alpha_V_7_rom_U |    <0.001 |
|           alpha_V_8_U                                          |    <0.001 |
|             svm_classifier_Loop_Sum_loop_proc1_alpha_V_8_rom_U |    <0.001 |
|           grp_svm_classifier_getTanh_fu_652                    |     0.013 |
|             cosh_lut_V_U                                       |     0.002 |
|               svm_classifier_getTanh_cosh_lut_V_rom_U          |     0.002 |
|             sinh_lut_V_U                                       |    <0.001 |
|               svm_classifier_getTanh_sinh_lut_V_rom_U          |    <0.001 |
|             svm_classifier_mul_12s_9ns_21_1_U3                 |    <0.001 |
|               svm_classifier_mul_12s_9ns_21_1_Mul_LUT_0_U      |    <0.001 |
|             svm_classifier_mul_12s_9ns_21_1_U4                 |    <0.001 |
|               svm_classifier_mul_12s_9ns_21_1_Mul_LUT_0_U      |    <0.001 |
|             svm_classifier_mul_12s_9ns_21_1_U5                 |    <0.001 |
|               svm_classifier_mul_12s_9ns_21_1_Mul_LUT_0_U      |    <0.001 |
|             svm_classifier_mul_12s_9ns_21_1_U6                 |    <0.001 |
|               svm_classifier_mul_12s_9ns_21_1_Mul_LUT_0_U      |    <0.001 |
|             svm_classifier_sdiv_13ns_8s_13_17_U7               |     0.007 |
|               svm_classifier_sdiv_13ns_8s_13_17_div_U          |     0.007 |
|                 svm_classifier_sdiv_13ns_8s_13_17_div_u_0      |     0.006 |
|           grp_svm_classifier_getTanh_fu_661                    |     0.012 |
|             cosh_lut_V_U                                       |     0.002 |
|               svm_classifier_getTanh_cosh_lut_V_rom_U          |     0.002 |
|             sinh_lut_V_U                                       |    <0.001 |
|               svm_classifier_getTanh_sinh_lut_V_rom_U          |    <0.001 |
|             svm_classifier_mul_12s_9ns_21_1_U3                 |    <0.001 |
|               svm_classifier_mul_12s_9ns_21_1_Mul_LUT_0_U      |    <0.001 |
|             svm_classifier_mul_12s_9ns_21_1_U4                 |    <0.001 |
|               svm_classifier_mul_12s_9ns_21_1_Mul_LUT_0_U      |    <0.001 |
|             svm_classifier_mul_12s_9ns_21_1_U5                 |    <0.001 |
|               svm_classifier_mul_12s_9ns_21_1_Mul_LUT_0_U      |    <0.001 |
|             svm_classifier_mul_12s_9ns_21_1_U6                 |    <0.001 |
|               svm_classifier_mul_12s_9ns_21_1_Mul_LUT_0_U      |    <0.001 |
|             svm_classifier_sdiv_13ns_8s_13_17_U7               |     0.007 |
|               svm_classifier_sdiv_13ns_8s_13_17_div_U          |     0.007 |
|                 svm_classifier_sdiv_13ns_8s_13_17_div_u_0      |     0.006 |
|           grp_svm_classifier_getTanh_fu_670                    |     0.013 |
|             cosh_lut_V_U                                       |     0.002 |
|               svm_classifier_getTanh_cosh_lut_V_rom_U          |     0.002 |
|             sinh_lut_V_U                                       |    <0.001 |
|               svm_classifier_getTanh_sinh_lut_V_rom_U          |    <0.001 |
|             svm_classifier_mul_12s_9ns_21_1_U3                 |    <0.001 |
|               svm_classifier_mul_12s_9ns_21_1_Mul_LUT_0_U      |    <0.001 |
|             svm_classifier_mul_12s_9ns_21_1_U4                 |    <0.001 |
|               svm_classifier_mul_12s_9ns_21_1_Mul_LUT_0_U      |    <0.001 |
|             svm_classifier_mul_12s_9ns_21_1_U5                 |    <0.001 |
|               svm_classifier_mul_12s_9ns_21_1_Mul_LUT_0_U      |    <0.001 |
|             svm_classifier_mul_12s_9ns_21_1_U6                 |    <0.001 |
|               svm_classifier_mul_12s_9ns_21_1_Mul_LUT_0_U      |    <0.001 |
|             svm_classifier_sdiv_13ns_8s_13_17_U7               |     0.007 |
|               svm_classifier_sdiv_13ns_8s_13_17_div_U          |     0.007 |
|                 svm_classifier_sdiv_13ns_8s_13_17_div_u_0      |     0.006 |
|           grp_svm_classifier_getTanh_fu_679                    |     0.013 |
|             cosh_lut_V_U                                       |     0.002 |
|               svm_classifier_getTanh_cosh_lut_V_rom_U          |     0.002 |
|             sinh_lut_V_U                                       |    <0.001 |
|               svm_classifier_getTanh_sinh_lut_V_rom_U          |    <0.001 |
|             svm_classifier_mul_12s_9ns_21_1_U3                 |    <0.001 |
|               svm_classifier_mul_12s_9ns_21_1_Mul_LUT_0_U      |    <0.001 |
|             svm_classifier_mul_12s_9ns_21_1_U4                 |    <0.001 |
|               svm_classifier_mul_12s_9ns_21_1_Mul_LUT_0_U      |    <0.001 |
|             svm_classifier_mul_12s_9ns_21_1_U5                 |    <0.001 |
|               svm_classifier_mul_12s_9ns_21_1_Mul_LUT_0_U      |    <0.001 |
|             svm_classifier_mul_12s_9ns_21_1_U6                 |    <0.001 |
|               svm_classifier_mul_12s_9ns_21_1_Mul_LUT_0_U      |    <0.001 |
|             svm_classifier_sdiv_13ns_8s_13_17_U7               |     0.007 |
|               svm_classifier_sdiv_13ns_8s_13_17_div_U          |     0.007 |
|                 svm_classifier_sdiv_13ns_8s_13_17_div_u_0      |     0.006 |
|           grp_svm_classifier_getTanh_fu_688                    |     0.013 |
|             cosh_lut_V_U                                       |     0.002 |
|               svm_classifier_getTanh_cosh_lut_V_rom_U          |     0.002 |
|             sinh_lut_V_U                                       |    <0.001 |
|               svm_classifier_getTanh_sinh_lut_V_rom_U          |    <0.001 |
|             svm_classifier_mul_12s_9ns_21_1_U3                 |    <0.001 |
|               svm_classifier_mul_12s_9ns_21_1_Mul_LUT_0_U      |    <0.001 |
|             svm_classifier_mul_12s_9ns_21_1_U4                 |    <0.001 |
|               svm_classifier_mul_12s_9ns_21_1_Mul_LUT_0_U      |    <0.001 |
|             svm_classifier_mul_12s_9ns_21_1_U5                 |    <0.001 |
|               svm_classifier_mul_12s_9ns_21_1_Mul_LUT_0_U      |    <0.001 |
|             svm_classifier_mul_12s_9ns_21_1_U6                 |    <0.001 |
|               svm_classifier_mul_12s_9ns_21_1_Mul_LUT_0_U      |    <0.001 |
|             svm_classifier_sdiv_13ns_8s_13_17_U7               |     0.007 |
|               svm_classifier_sdiv_13ns_8s_13_17_div_U          |     0.007 |
|                 svm_classifier_sdiv_13ns_8s_13_17_div_u_0      |     0.006 |
|           grp_svm_classifier_getTanh_fu_697                    |     0.013 |
|             cosh_lut_V_U                                       |     0.002 |
|               svm_classifier_getTanh_cosh_lut_V_rom_U          |     0.002 |
|             sinh_lut_V_U                                       |    <0.001 |
|               svm_classifier_getTanh_sinh_lut_V_rom_U          |    <0.001 |
|             svm_classifier_mul_12s_9ns_21_1_U3                 |    <0.001 |
|               svm_classifier_mul_12s_9ns_21_1_Mul_LUT_0_U      |    <0.001 |
|             svm_classifier_mul_12s_9ns_21_1_U4                 |    <0.001 |
|               svm_classifier_mul_12s_9ns_21_1_Mul_LUT_0_U      |    <0.001 |
|             svm_classifier_mul_12s_9ns_21_1_U5                 |    <0.001 |
|               svm_classifier_mul_12s_9ns_21_1_Mul_LUT_0_U      |    <0.001 |
|             svm_classifier_mul_12s_9ns_21_1_U6                 |    <0.001 |
|               svm_classifier_mul_12s_9ns_21_1_Mul_LUT_0_U      |    <0.001 |
|             svm_classifier_sdiv_13ns_8s_13_17_U7               |     0.007 |
|               svm_classifier_sdiv_13ns_8s_13_17_div_U          |     0.007 |
|                 svm_classifier_sdiv_13ns_8s_13_17_div_u_0      |     0.006 |
|           grp_svm_classifier_getTanh_fu_706                    |     0.014 |
|             cosh_lut_V_U                                       |     0.002 |
|               svm_classifier_getTanh_cosh_lut_V_rom_U          |     0.002 |
|             sinh_lut_V_U                                       |    <0.001 |
|               svm_classifier_getTanh_sinh_lut_V_rom_U          |    <0.001 |
|             svm_classifier_mul_12s_9ns_21_1_U3                 |    <0.001 |
|               svm_classifier_mul_12s_9ns_21_1_Mul_LUT_0_U      |    <0.001 |
|             svm_classifier_mul_12s_9ns_21_1_U4                 |    <0.001 |
|               svm_classifier_mul_12s_9ns_21_1_Mul_LUT_0_U      |    <0.001 |
|             svm_classifier_mul_12s_9ns_21_1_U5                 |    <0.001 |
|               svm_classifier_mul_12s_9ns_21_1_Mul_LUT_0_U      |    <0.001 |
|             svm_classifier_mul_12s_9ns_21_1_U6                 |    <0.001 |
|               svm_classifier_mul_12s_9ns_21_1_Mul_LUT_0_U      |    <0.001 |
|             svm_classifier_sdiv_13ns_8s_13_17_U7               |     0.007 |
|               svm_classifier_sdiv_13ns_8s_13_17_div_U          |     0.007 |
|                 svm_classifier_sdiv_13ns_8s_13_17_div_u_0      |     0.006 |
|           grp_svm_classifier_getTanh_fu_715                    |     0.013 |
|             cosh_lut_V_U                                       |     0.002 |
|               svm_classifier_getTanh_cosh_lut_V_rom_U          |     0.002 |
|             sinh_lut_V_U                                       |    <0.001 |
|               svm_classifier_getTanh_sinh_lut_V_rom_U          |    <0.001 |
|             svm_classifier_mul_12s_9ns_21_1_U3                 |    <0.001 |
|               svm_classifier_mul_12s_9ns_21_1_Mul_LUT_0_U      |    <0.001 |
|             svm_classifier_mul_12s_9ns_21_1_U4                 |    <0.001 |
|               svm_classifier_mul_12s_9ns_21_1_Mul_LUT_0_U      |    <0.001 |
|             svm_classifier_mul_12s_9ns_21_1_U5                 |    <0.001 |
|               svm_classifier_mul_12s_9ns_21_1_Mul_LUT_0_U      |    <0.001 |
|             svm_classifier_mul_12s_9ns_21_1_U6                 |    <0.001 |
|               svm_classifier_mul_12s_9ns_21_1_Mul_LUT_0_U      |    <0.001 |
|             svm_classifier_sdiv_13ns_8s_13_17_U7               |     0.007 |
|               svm_classifier_sdiv_13ns_8s_13_17_div_U          |     0.007 |
|                 svm_classifier_sdiv_13ns_8s_13_17_div_u_0      |     0.006 |
|           grp_svm_classifier_getTanh_fu_724                    |     0.013 |
|             cosh_lut_V_U                                       |     0.002 |
|               svm_classifier_getTanh_cosh_lut_V_rom_U          |     0.002 |
|             sinh_lut_V_U                                       |    <0.001 |
|               svm_classifier_getTanh_sinh_lut_V_rom_U          |    <0.001 |
|             svm_classifier_mul_12s_9ns_21_1_U3                 |    <0.001 |
|               svm_classifier_mul_12s_9ns_21_1_Mul_LUT_0_U      |    <0.001 |
|             svm_classifier_mul_12s_9ns_21_1_U4                 |    <0.001 |
|               svm_classifier_mul_12s_9ns_21_1_Mul_LUT_0_U      |    <0.001 |
|             svm_classifier_mul_12s_9ns_21_1_U5                 |    <0.001 |
|               svm_classifier_mul_12s_9ns_21_1_Mul_LUT_0_U      |    <0.001 |
|             svm_classifier_mul_12s_9ns_21_1_U6                 |    <0.001 |
|               svm_classifier_mul_12s_9ns_21_1_Mul_LUT_0_U      |    <0.001 |
|             svm_classifier_sdiv_13ns_8s_13_17_U7               |     0.007 |
|               svm_classifier_sdiv_13ns_8s_13_17_div_U          |     0.007 |
|                 svm_classifier_sdiv_13ns_8s_13_17_div_u_0      |     0.006 |
|           svm_classifier_mul_12s_8s_20_1_U55                   |    <0.001 |
|             svm_classifier_mul_12s_8s_20_1_Mul_LUT_5_U         |    <0.001 |
|           svm_classifier_mul_13s_13s_26_1_U38                  |    <0.001 |
|             svm_classifier_mul_13s_13s_26_1_Mul_LUT_3_U        |    <0.001 |
|           svm_classifier_mul_13s_8s_21_1_U47                   |    <0.001 |
|             svm_classifier_mul_13s_8s_21_1_Mul_LUT_4_U         |    <0.001 |
|           svm_classifier_mul_13s_8s_21_1_U48                   |     0.001 |
|             svm_classifier_mul_13s_8s_21_1_Mul_LUT_4_U         |     0.001 |
|           svm_classifier_mul_13s_8s_21_1_U49                   |    <0.001 |
|             svm_classifier_mul_13s_8s_21_1_Mul_LUT_4_U         |    <0.001 |
|           svm_classifier_mul_13s_8s_21_1_U50                   |    <0.001 |
|             svm_classifier_mul_13s_8s_21_1_Mul_LUT_4_U         |    <0.001 |
|           svm_classifier_mul_13s_8s_21_1_U51                   |    <0.001 |
|             svm_classifier_mul_13s_8s_21_1_Mul_LUT_4_U         |    <0.001 |
|           svm_classifier_mul_13s_8s_21_1_U52                   |     0.001 |
|             svm_classifier_mul_13s_8s_21_1_Mul_LUT_4_U         |     0.001 |
|           svm_classifier_mul_13s_8s_21_1_U53                   |    <0.001 |
|             svm_classifier_mul_13s_8s_21_1_Mul_LUT_4_U         |    <0.001 |
|           svm_classifier_mul_13s_8s_21_1_U54                   |     0.001 |
|             svm_classifier_mul_13s_8s_21_1_Mul_LUT_4_U         |     0.001 |
|           svm_classifier_mul_14s_13s_27_1_U14                  |    <0.001 |
|             svm_classifier_mul_14s_13s_27_1_Mul_LUT_2_U        |    <0.001 |
|           svm_classifier_mul_14s_13s_27_1_U18                  |    <0.001 |
|             svm_classifier_mul_14s_13s_27_1_Mul_LUT_2_U        |    <0.001 |
|           svm_classifier_mul_14s_13s_27_1_U22                  |    <0.001 |
|             svm_classifier_mul_14s_13s_27_1_Mul_LUT_2_U        |    <0.001 |
|           svm_classifier_mul_14s_13s_27_1_U26                  |    <0.001 |
|             svm_classifier_mul_14s_13s_27_1_Mul_LUT_2_U        |    <0.001 |
|           svm_classifier_mul_14s_13s_27_1_U30                  |    <0.001 |
|             svm_classifier_mul_14s_13s_27_1_Mul_LUT_2_U        |    <0.001 |
|           svm_classifier_mul_14s_13s_27_1_U34                  |    <0.001 |
|             svm_classifier_mul_14s_13s_27_1_Mul_LUT_2_U        |    <0.001 |
|           svm_classifier_mul_14s_13s_27_1_U42                  |    <0.001 |
|             svm_classifier_mul_14s_13s_27_1_Mul_LUT_2_U        |    <0.001 |
|           svm_classifier_mul_14s_13s_27_1_U46                  |    <0.001 |
|             svm_classifier_mul_14s_13s_27_1_Mul_LUT_2_U        |    <0.001 |
|           svm_classifier_mul_15s_13s_28_1_U11                  |    <0.001 |
|             svm_classifier_mul_15s_13s_28_1_Mul_LUT_1_U        |    <0.001 |
|           svm_classifier_mul_15s_13s_28_1_U12                  |    <0.001 |
|             svm_classifier_mul_15s_13s_28_1_Mul_LUT_1_U        |    <0.001 |
|           svm_classifier_mul_15s_13s_28_1_U13                  |    <0.001 |
|             svm_classifier_mul_15s_13s_28_1_Mul_LUT_1_U        |    <0.001 |
|           svm_classifier_mul_15s_13s_28_1_U15                  |    <0.001 |
|             svm_classifier_mul_15s_13s_28_1_Mul_LUT_1_U        |    <0.001 |
|           svm_classifier_mul_15s_13s_28_1_U16                  |    <0.001 |
|             svm_classifier_mul_15s_13s_28_1_Mul_LUT_1_U        |    <0.001 |
|           svm_classifier_mul_15s_13s_28_1_U17                  |    <0.001 |
|             svm_classifier_mul_15s_13s_28_1_Mul_LUT_1_U        |    <0.001 |
|           svm_classifier_mul_15s_13s_28_1_U19                  |    <0.001 |
|             svm_classifier_mul_15s_13s_28_1_Mul_LUT_1_U        |    <0.001 |
|           svm_classifier_mul_15s_13s_28_1_U20                  |    <0.001 |
|             svm_classifier_mul_15s_13s_28_1_Mul_LUT_1_U        |    <0.001 |
|           svm_classifier_mul_15s_13s_28_1_U21                  |    <0.001 |
|             svm_classifier_mul_15s_13s_28_1_Mul_LUT_1_U        |    <0.001 |
|           svm_classifier_mul_15s_13s_28_1_U23                  |    <0.001 |
|             svm_classifier_mul_15s_13s_28_1_Mul_LUT_1_U        |    <0.001 |
|           svm_classifier_mul_15s_13s_28_1_U24                  |    <0.001 |
|             svm_classifier_mul_15s_13s_28_1_Mul_LUT_1_U        |    <0.001 |
|           svm_classifier_mul_15s_13s_28_1_U25                  |    <0.001 |
|             svm_classifier_mul_15s_13s_28_1_Mul_LUT_1_U        |    <0.001 |
|           svm_classifier_mul_15s_13s_28_1_U27                  |    <0.001 |
|             svm_classifier_mul_15s_13s_28_1_Mul_LUT_1_U        |    <0.001 |
|           svm_classifier_mul_15s_13s_28_1_U28                  |    <0.001 |
|             svm_classifier_mul_15s_13s_28_1_Mul_LUT_1_U        |    <0.001 |
|           svm_classifier_mul_15s_13s_28_1_U29                  |    <0.001 |
|             svm_classifier_mul_15s_13s_28_1_Mul_LUT_1_U        |    <0.001 |
|           svm_classifier_mul_15s_13s_28_1_U31                  |    <0.001 |
|             svm_classifier_mul_15s_13s_28_1_Mul_LUT_1_U        |    <0.001 |
|           svm_classifier_mul_15s_13s_28_1_U32                  |    <0.001 |
|             svm_classifier_mul_15s_13s_28_1_Mul_LUT_1_U        |    <0.001 |
|           svm_classifier_mul_15s_13s_28_1_U33                  |    <0.001 |
|             svm_classifier_mul_15s_13s_28_1_Mul_LUT_1_U        |    <0.001 |
|           svm_classifier_mul_15s_13s_28_1_U35                  |    <0.001 |
|             svm_classifier_mul_15s_13s_28_1_Mul_LUT_1_U        |    <0.001 |
|           svm_classifier_mul_15s_13s_28_1_U36                  |    <0.001 |
|             svm_classifier_mul_15s_13s_28_1_Mul_LUT_1_U        |    <0.001 |
|           svm_classifier_mul_15s_13s_28_1_U37                  |    <0.001 |
|             svm_classifier_mul_15s_13s_28_1_Mul_LUT_1_U        |    <0.001 |
|           svm_classifier_mul_15s_13s_28_1_U39                  |    <0.001 |
|             svm_classifier_mul_15s_13s_28_1_Mul_LUT_1_U        |    <0.001 |
|           svm_classifier_mul_15s_13s_28_1_U40                  |    <0.001 |
|             svm_classifier_mul_15s_13s_28_1_Mul_LUT_1_U        |    <0.001 |
|           svm_classifier_mul_15s_13s_28_1_U41                  |    <0.001 |
|             svm_classifier_mul_15s_13s_28_1_Mul_LUT_1_U        |    <0.001 |
|           svm_classifier_mul_15s_13s_28_1_U43                  |    <0.001 |
|             svm_classifier_mul_15s_13s_28_1_Mul_LUT_1_U        |    <0.001 |
|           svm_classifier_mul_15s_13s_28_1_U44                  |    <0.001 |
|             svm_classifier_mul_15s_13s_28_1_Mul_LUT_1_U        |    <0.001 |
|           svm_classifier_mul_15s_13s_28_1_U45                  |    <0.001 |
|             svm_classifier_mul_15s_13s_28_1_Mul_LUT_1_U        |    <0.001 |
|           svm_classifier_mul_mul_13s_15s_26_1_U100             |     0.001 |
|             svm_classifier_mul_mul_13s_15s_26_1_DSP48_1_U      |     0.001 |
|           svm_classifier_mul_mul_13s_15s_26_1_U101             |     0.001 |
|             svm_classifier_mul_mul_13s_15s_26_1_DSP48_1_U      |     0.001 |
|           svm_classifier_mul_mul_13s_15s_26_1_U102             |     0.001 |
|             svm_classifier_mul_mul_13s_15s_26_1_DSP48_1_U      |     0.001 |
|           svm_classifier_mul_mul_13s_15s_26_1_U103             |     0.002 |
|             svm_classifier_mul_mul_13s_15s_26_1_DSP48_1_U      |     0.002 |
|           svm_classifier_mul_mul_13s_15s_26_1_U104             |     0.001 |
|             svm_classifier_mul_mul_13s_15s_26_1_DSP48_1_U      |     0.001 |
|           svm_classifier_mul_mul_13s_15s_26_1_U105             |     0.001 |
|             svm_classifier_mul_mul_13s_15s_26_1_DSP48_1_U      |     0.001 |
|           svm_classifier_mul_mul_13s_15s_26_1_U106             |     0.001 |
|             svm_classifier_mul_mul_13s_15s_26_1_DSP48_1_U      |     0.001 |
|           svm_classifier_mul_mul_13s_15s_26_1_U107             |     0.001 |
|             svm_classifier_mul_mul_13s_15s_26_1_DSP48_1_U      |     0.001 |
|           svm_classifier_mul_mul_13s_15s_26_1_U108             |     0.002 |
|             svm_classifier_mul_mul_13s_15s_26_1_DSP48_1_U      |     0.002 |
|           svm_classifier_mul_mul_13s_15s_26_1_U109             |     0.001 |
|             svm_classifier_mul_mul_13s_15s_26_1_DSP48_1_U      |     0.001 |
|           svm_classifier_mul_mul_13s_15s_26_1_U110             |     0.001 |
|             svm_classifier_mul_mul_13s_15s_26_1_DSP48_1_U      |     0.001 |
|           svm_classifier_mul_mul_13s_15s_26_1_U111             |     0.002 |
|             svm_classifier_mul_mul_13s_15s_26_1_DSP48_1_U      |     0.002 |
|           svm_classifier_mul_mul_13s_15s_26_1_U112             |     0.001 |
|             svm_classifier_mul_mul_13s_15s_26_1_DSP48_1_U      |     0.001 |
|           svm_classifier_mul_mul_13s_15s_26_1_U113             |     0.001 |
|             svm_classifier_mul_mul_13s_15s_26_1_DSP48_1_U      |     0.001 |
|           svm_classifier_mul_mul_13s_15s_26_1_U114             |     0.002 |
|             svm_classifier_mul_mul_13s_15s_26_1_DSP48_1_U      |     0.002 |
|           svm_classifier_mul_mul_13s_15s_26_1_U115             |     0.001 |
|             svm_classifier_mul_mul_13s_15s_26_1_DSP48_1_U      |     0.001 |
|           svm_classifier_mul_mul_13s_15s_26_1_U116             |     0.002 |
|             svm_classifier_mul_mul_13s_15s_26_1_DSP48_1_U      |     0.002 |
|           svm_classifier_mul_mul_13s_15s_26_1_U117             |     0.001 |
|             svm_classifier_mul_mul_13s_15s_26_1_DSP48_1_U      |     0.001 |
|           svm_classifier_mul_mul_13s_15s_26_1_U118             |     0.001 |
|             svm_classifier_mul_mul_13s_15s_26_1_DSP48_1_U      |     0.001 |
|           svm_classifier_mul_mul_13s_15s_26_1_U119             |     0.001 |
|             svm_classifier_mul_mul_13s_15s_26_1_DSP48_1_U      |     0.001 |
|           svm_classifier_mul_mul_13s_15s_26_1_U120             |     0.001 |
|             svm_classifier_mul_mul_13s_15s_26_1_DSP48_1_U      |     0.001 |
|           svm_classifier_mul_mul_13s_15s_26_1_U121             |     0.002 |
|             svm_classifier_mul_mul_13s_15s_26_1_DSP48_1_U      |     0.002 |
|           svm_classifier_mul_mul_13s_15s_26_1_U122             |     0.002 |
|             svm_classifier_mul_mul_13s_15s_26_1_DSP48_1_U      |     0.002 |
|           svm_classifier_mul_mul_13s_15s_26_1_U123             |     0.001 |
|             svm_classifier_mul_mul_13s_15s_26_1_DSP48_1_U      |     0.001 |
|           svm_classifier_mul_mul_13s_15s_26_1_U124             |     0.002 |
|             svm_classifier_mul_mul_13s_15s_26_1_DSP48_1_U      |     0.002 |
|           svm_classifier_mul_mul_13s_15s_26_1_U125             |     0.002 |
|             svm_classifier_mul_mul_13s_15s_26_1_DSP48_1_U      |     0.002 |
|           svm_classifier_mul_mul_13s_15s_26_1_U126             |     0.001 |
|             svm_classifier_mul_mul_13s_15s_26_1_DSP48_1_U      |     0.001 |
|           svm_classifier_mul_mul_13s_15s_26_1_U127             |     0.001 |
|             svm_classifier_mul_mul_13s_15s_26_1_DSP48_1_U      |     0.001 |
|           svm_classifier_mul_mul_13s_15s_26_1_U128             |     0.001 |
|             svm_classifier_mul_mul_13s_15s_26_1_DSP48_1_U      |     0.001 |
|           svm_classifier_mul_mul_13s_15s_26_1_U129             |     0.001 |
|             svm_classifier_mul_mul_13s_15s_26_1_DSP48_1_U      |     0.001 |
|           svm_classifier_mul_mul_13s_15s_26_1_U130             |     0.001 |
|             svm_classifier_mul_mul_13s_15s_26_1_DSP48_1_U      |     0.001 |
|           svm_classifier_mul_mul_13s_15s_26_1_U131             |     0.001 |
|             svm_classifier_mul_mul_13s_15s_26_1_DSP48_1_U      |     0.001 |
|           svm_classifier_mul_mul_13s_15s_26_1_U132             |     0.001 |
|             svm_classifier_mul_mul_13s_15s_26_1_DSP48_1_U      |     0.001 |
|           svm_classifier_mul_mul_13s_15s_26_1_U133             |     0.002 |
|             svm_classifier_mul_mul_13s_15s_26_1_DSP48_1_U      |     0.002 |
|           svm_classifier_mul_mul_13s_15s_26_1_U134             |     0.002 |
|             svm_classifier_mul_mul_13s_15s_26_1_DSP48_1_U      |     0.002 |
|           svm_classifier_mul_mul_13s_15s_26_1_U135             |     0.002 |
|             svm_classifier_mul_mul_13s_15s_26_1_DSP48_1_U      |     0.002 |
|           svm_classifier_mul_mul_13s_15s_26_1_U136             |     0.002 |
|             svm_classifier_mul_mul_13s_15s_26_1_DSP48_1_U      |     0.002 |
|           svm_classifier_mul_mul_13s_15s_26_1_U137             |     0.001 |
|             svm_classifier_mul_mul_13s_15s_26_1_DSP48_1_U      |     0.001 |
|           svm_classifier_mul_mul_13s_15s_26_1_U138             |     0.001 |
|             svm_classifier_mul_mul_13s_15s_26_1_DSP48_1_U      |     0.001 |
|           svm_classifier_mul_mul_13s_15s_26_1_U139             |     0.001 |
|             svm_classifier_mul_mul_13s_15s_26_1_DSP48_1_U      |     0.001 |
|           svm_classifier_mul_mul_13s_15s_26_1_U140             |     0.001 |
|             svm_classifier_mul_mul_13s_15s_26_1_DSP48_1_U      |     0.001 |
|           svm_classifier_mul_mul_13s_15s_26_1_U141             |     0.001 |
|             svm_classifier_mul_mul_13s_15s_26_1_DSP48_1_U      |     0.001 |
|           svm_classifier_mul_mul_13s_15s_26_1_U142             |     0.002 |
|             svm_classifier_mul_mul_13s_15s_26_1_DSP48_1_U      |     0.002 |
|           svm_classifier_mul_mul_13s_15s_26_1_U58              |     0.001 |
|             svm_classifier_mul_mul_13s_15s_26_1_DSP48_1_U      |     0.001 |
|           svm_classifier_mul_mul_13s_15s_26_1_U65              |     0.001 |
|             svm_classifier_mul_mul_13s_15s_26_1_DSP48_1_U      |     0.001 |
|           svm_classifier_mul_mul_13s_15s_26_1_U66              |     0.001 |
|             svm_classifier_mul_mul_13s_15s_26_1_DSP48_1_U      |     0.001 |
|           svm_classifier_mul_mul_13s_15s_26_1_U67              |     0.001 |
|             svm_classifier_mul_mul_13s_15s_26_1_DSP48_1_U      |     0.001 |
|           svm_classifier_mul_mul_13s_15s_26_1_U68              |     0.001 |
|             svm_classifier_mul_mul_13s_15s_26_1_DSP48_1_U      |     0.001 |
|           svm_classifier_mul_mul_13s_15s_26_1_U69              |     0.001 |
|             svm_classifier_mul_mul_13s_15s_26_1_DSP48_1_U      |     0.001 |
|           svm_classifier_mul_mul_13s_15s_26_1_U70              |     0.002 |
|             svm_classifier_mul_mul_13s_15s_26_1_DSP48_1_U      |     0.002 |
|           svm_classifier_mul_mul_13s_15s_26_1_U71              |     0.001 |
|             svm_classifier_mul_mul_13s_15s_26_1_DSP48_1_U      |     0.001 |
|           svm_classifier_mul_mul_13s_15s_26_1_U73              |     0.001 |
|             svm_classifier_mul_mul_13s_15s_26_1_DSP48_1_U      |     0.001 |
|           svm_classifier_mul_mul_13s_15s_26_1_U74              |     0.001 |
|             svm_classifier_mul_mul_13s_15s_26_1_DSP48_1_U      |     0.001 |
|           svm_classifier_mul_mul_13s_15s_26_1_U75              |     0.002 |
|             svm_classifier_mul_mul_13s_15s_26_1_DSP48_1_U      |     0.002 |
|           svm_classifier_mul_mul_13s_15s_26_1_U76              |     0.001 |
|             svm_classifier_mul_mul_13s_15s_26_1_DSP48_1_U      |     0.001 |
|           svm_classifier_mul_mul_13s_15s_26_1_U77              |     0.001 |
|             svm_classifier_mul_mul_13s_15s_26_1_DSP48_1_U      |     0.001 |
|           svm_classifier_mul_mul_13s_15s_26_1_U78              |     0.001 |
|             svm_classifier_mul_mul_13s_15s_26_1_DSP48_1_U      |     0.001 |
|           svm_classifier_mul_mul_13s_15s_26_1_U79              |     0.001 |
|             svm_classifier_mul_mul_13s_15s_26_1_DSP48_1_U      |     0.001 |
|           svm_classifier_mul_mul_13s_15s_26_1_U81              |     0.001 |
|             svm_classifier_mul_mul_13s_15s_26_1_DSP48_1_U      |     0.001 |
|           svm_classifier_mul_mul_13s_15s_26_1_U84              |     0.001 |
|             svm_classifier_mul_mul_13s_15s_26_1_DSP48_1_U      |     0.001 |
|           svm_classifier_mul_mul_13s_15s_26_1_U85              |     0.001 |
|             svm_classifier_mul_mul_13s_15s_26_1_DSP48_1_U      |     0.001 |
|           svm_classifier_mul_mul_13s_15s_26_1_U89              |     0.002 |
|             svm_classifier_mul_mul_13s_15s_26_1_DSP48_1_U      |     0.002 |
|           svm_classifier_mul_mul_13s_15s_26_1_U90              |     0.002 |
|             svm_classifier_mul_mul_13s_15s_26_1_DSP48_1_U      |     0.002 |
|           svm_classifier_mul_mul_13s_15s_26_1_U91              |     0.001 |
|             svm_classifier_mul_mul_13s_15s_26_1_DSP48_1_U      |     0.001 |
|           svm_classifier_mul_mul_13s_15s_26_1_U92              |     0.001 |
|             svm_classifier_mul_mul_13s_15s_26_1_DSP48_1_U      |     0.001 |
|           svm_classifier_mul_mul_13s_15s_26_1_U93              |     0.001 |
|             svm_classifier_mul_mul_13s_15s_26_1_DSP48_1_U      |     0.001 |
|           svm_classifier_mul_mul_13s_15s_26_1_U94              |     0.001 |
|             svm_classifier_mul_mul_13s_15s_26_1_DSP48_1_U      |     0.001 |
|           svm_classifier_mul_mul_13s_15s_26_1_U95              |     0.001 |
|             svm_classifier_mul_mul_13s_15s_26_1_DSP48_1_U      |     0.001 |
|           svm_classifier_mul_mul_13s_15s_26_1_U96              |     0.001 |
|             svm_classifier_mul_mul_13s_15s_26_1_DSP48_1_U      |     0.001 |
|           svm_classifier_mul_mul_13s_15s_26_1_U97              |     0.001 |
|             svm_classifier_mul_mul_13s_15s_26_1_DSP48_1_U      |     0.001 |
|           svm_classifier_mul_mul_13s_15s_26_1_U98              |     0.001 |
|             svm_classifier_mul_mul_13s_15s_26_1_DSP48_1_U      |     0.001 |
|           svm_classifier_mul_mul_13s_15s_26_1_U99              |     0.001 |
|             svm_classifier_mul_mul_13s_15s_26_1_DSP48_1_U      |     0.001 |
|           svm_classifier_mul_mul_15s_13s_26_1_U143             |     0.001 |
|             svm_classifier_mul_mul_15s_13s_26_1_DSP48_0_U      |     0.001 |
|           svm_classifier_mul_mul_15s_13s_26_1_U144             |     0.001 |
|             svm_classifier_mul_mul_15s_13s_26_1_DSP48_0_U      |     0.001 |
|           svm_classifier_mul_mul_15s_13s_26_1_U145             |     0.002 |
|             svm_classifier_mul_mul_15s_13s_26_1_DSP48_0_U      |     0.002 |
|           svm_classifier_mul_mul_15s_13s_26_1_U146             |     0.001 |
|             svm_classifier_mul_mul_15s_13s_26_1_DSP48_0_U      |     0.001 |
|           svm_classifier_mul_mul_15s_13s_26_1_U147             |     0.001 |
|             svm_classifier_mul_mul_15s_13s_26_1_DSP48_0_U      |     0.001 |
|           svm_classifier_mul_mul_15s_13s_26_1_U148             |     0.001 |
|             svm_classifier_mul_mul_15s_13s_26_1_DSP48_0_U      |     0.001 |
|           svm_classifier_mul_mul_15s_13s_26_1_U149             |     0.002 |
|             svm_classifier_mul_mul_15s_13s_26_1_DSP48_0_U      |     0.002 |
|           svm_classifier_mul_mul_15s_13s_26_1_U150             |     0.001 |
|             svm_classifier_mul_mul_15s_13s_26_1_DSP48_0_U      |     0.001 |
|           svm_classifier_mul_mul_15s_13s_26_1_U151             |     0.002 |
|             svm_classifier_mul_mul_15s_13s_26_1_DSP48_0_U      |     0.002 |
|           svm_classifier_mul_mul_15s_13s_26_1_U152             |     0.001 |
|             svm_classifier_mul_mul_15s_13s_26_1_DSP48_0_U      |     0.001 |
|           svm_classifier_mul_mul_15s_13s_26_1_U153             |     0.001 |
|             svm_classifier_mul_mul_15s_13s_26_1_DSP48_0_U      |     0.001 |
|           svm_classifier_mul_mul_15s_13s_26_1_U154             |     0.002 |
|             svm_classifier_mul_mul_15s_13s_26_1_DSP48_0_U      |     0.002 |
|           svm_classifier_mul_mul_15s_13s_26_1_U155             |     0.002 |
|             svm_classifier_mul_mul_15s_13s_26_1_DSP48_0_U      |     0.002 |
|           svm_classifier_mul_mul_15s_13s_26_1_U156             |     0.001 |
|             svm_classifier_mul_mul_15s_13s_26_1_DSP48_0_U      |     0.001 |
|           svm_classifier_mul_mul_15s_13s_26_1_U157             |     0.001 |
|             svm_classifier_mul_mul_15s_13s_26_1_DSP48_0_U      |     0.001 |
|           svm_classifier_mul_mul_15s_13s_26_1_U158             |     0.002 |
|             svm_classifier_mul_mul_15s_13s_26_1_DSP48_0_U      |     0.002 |
|           svm_classifier_mul_mul_15s_13s_26_1_U159             |     0.002 |
|             svm_classifier_mul_mul_15s_13s_26_1_DSP48_0_U      |     0.002 |
|           svm_classifier_mul_mul_15s_13s_26_1_U160             |     0.001 |
|             svm_classifier_mul_mul_15s_13s_26_1_DSP48_0_U      |     0.001 |
|           svm_classifier_mul_mul_15s_13s_26_1_U161             |     0.001 |
|             svm_classifier_mul_mul_15s_13s_26_1_DSP48_0_U      |     0.001 |
|           svm_classifier_mul_mul_15s_13s_26_1_U162             |     0.002 |
|             svm_classifier_mul_mul_15s_13s_26_1_DSP48_0_U      |     0.002 |
|           svm_classifier_mul_mul_15s_13s_26_1_U163             |     0.001 |
|             svm_classifier_mul_mul_15s_13s_26_1_DSP48_0_U      |     0.001 |
|           svm_classifier_mul_mul_15s_13s_26_1_U56              |     0.002 |
|             svm_classifier_mul_mul_15s_13s_26_1_DSP48_0_U      |     0.002 |
|           svm_classifier_mul_mul_15s_13s_26_1_U57              |     0.001 |
|             svm_classifier_mul_mul_15s_13s_26_1_DSP48_0_U      |     0.001 |
|           svm_classifier_mul_mul_15s_13s_26_1_U59              |     0.002 |
|             svm_classifier_mul_mul_15s_13s_26_1_DSP48_0_U      |     0.002 |
|           svm_classifier_mul_mul_15s_13s_26_1_U60              |     0.001 |
|             svm_classifier_mul_mul_15s_13s_26_1_DSP48_0_U      |     0.001 |
|           svm_classifier_mul_mul_15s_13s_26_1_U61              |     0.001 |
|             svm_classifier_mul_mul_15s_13s_26_1_DSP48_0_U      |     0.001 |
|           svm_classifier_mul_mul_15s_13s_26_1_U62              |     0.001 |
|             svm_classifier_mul_mul_15s_13s_26_1_DSP48_0_U      |     0.001 |
|           svm_classifier_mul_mul_15s_13s_26_1_U63              |     0.002 |
|             svm_classifier_mul_mul_15s_13s_26_1_DSP48_0_U      |     0.002 |
|           svm_classifier_mul_mul_15s_13s_26_1_U64              |     0.001 |
|             svm_classifier_mul_mul_15s_13s_26_1_DSP48_0_U      |     0.001 |
|           svm_classifier_mul_mul_15s_13s_26_1_U72              |     0.001 |
|             svm_classifier_mul_mul_15s_13s_26_1_DSP48_0_U      |     0.001 |
|           svm_classifier_mul_mul_15s_13s_26_1_U80              |     0.001 |
|             svm_classifier_mul_mul_15s_13s_26_1_DSP48_0_U      |     0.001 |
|           svm_classifier_mul_mul_15s_13s_26_1_U82              |     0.001 |
|             svm_classifier_mul_mul_15s_13s_26_1_DSP48_0_U      |     0.001 |
|           svm_classifier_mul_mul_15s_13s_26_1_U83              |     0.002 |
|             svm_classifier_mul_mul_15s_13s_26_1_DSP48_0_U      |     0.002 |
|           svm_classifier_mul_mul_15s_13s_26_1_U86              |     0.001 |
|             svm_classifier_mul_mul_15s_13s_26_1_DSP48_0_U      |     0.001 |
|           svm_classifier_mul_mul_15s_13s_26_1_U87              |     0.001 |
|             svm_classifier_mul_mul_15s_13s_26_1_DSP48_0_U      |     0.001 |
|           svm_classifier_mul_mul_15s_13s_26_1_U88              |     0.002 |
|             svm_classifier_mul_mul_15s_13s_26_1_DSP48_0_U      |     0.002 |
|     svm_classifier_1                                           |     0.459 |
|       inst                                                     |     0.455 |
|         ch_sums_0_0_V_loc_channel_U                            |    <0.001 |
|           U_FIFO_svm_classifier_ch_sums_0_0_V_loc_channel_ram  |    <0.001 |
|         ch_sums_1_0_V_loc_channel_U                            |    <0.001 |
|           U_FIFO_svm_classifier_ch_sums_1_0_V_loc_channel_ram  |    <0.001 |
|         ch_sums_2_0_V_loc_channel_U                            |    <0.001 |
|           U_FIFO_svm_classifier_ch_sums_2_0_V_loc_channel_ram  |    <0.001 |
|         ch_sums_3_0_V_loc_channel_U                            |    <0.001 |
|           U_FIFO_svm_classifier_ch_sums_3_0_V_loc_channel_ram  |    <0.001 |
|         ch_sums_4_0_V_loc_channel_U                            |    <0.001 |
|           U_FIFO_svm_classifier_ch_sums_4_0_V_loc_channel_ram  |    <0.001 |
|         ch_sums_5_0_V_loc_channel_U                            |    <0.001 |
|           U_FIFO_svm_classifier_ch_sums_5_0_V_loc_channel_ram  |    <0.001 |
|         ch_sums_V_6_0_loc_channel_U                            |    <0.001 |
|           U_FIFO_svm_classifier_ch_sums_V_6_0_loc_channel_ram  |    <0.001 |
|         ch_sums_V_7_0_loc_channel_U                            |    <0.001 |
|           U_FIFO_svm_classifier_ch_sums_V_7_0_loc_channel_ram  |    <0.001 |
|         ch_sums_V_8_0_loc_channel_U                            |    <0.001 |
|           U_FIFO_svm_classifier_ch_sums_V_8_0_loc_channel_ram  |    <0.001 |
|         in_V_channel_U                                         |     0.004 |
|           U_FIFO_svm_classifier_in_V_channel_ram               |     0.003 |
|         s_in_0_V_loc_channel_U                                 |    <0.001 |
|           U_FIFO_svm_classifier_s_in_0_V_loc_channel_ram       |    <0.001 |
|         s_in_10_V_loc_channel_U                                |    <0.001 |
|           U_FIFO_svm_classifier_s_in_10_V_loc_channel_ram      |    <0.001 |
|         s_in_11_V_loc_channel_U                                |    <0.001 |
|           U_FIFO_svm_classifier_s_in_11_V_loc_channel_ram      |    <0.001 |
|         s_in_12_V_loc_channel_U                                |    <0.001 |
|           U_FIFO_svm_classifier_s_in_12_V_loc_channel_ram      |    <0.001 |
|         s_in_13_V_loc_channel_U                                |    <0.001 |
|           U_FIFO_svm_classifier_s_in_13_V_loc_channel_ram      |    <0.001 |
|         s_in_14_V_loc_channel_U                                |    <0.001 |
|           U_FIFO_svm_classifier_s_in_14_V_loc_channel_ram      |    <0.001 |
|         s_in_15_V_loc_channel_U                                |    <0.001 |
|           U_FIFO_svm_classifier_s_in_15_V_loc_channel_ram      |    <0.001 |
|         s_in_1_V_loc_channel_U                                 |    <0.001 |
|           U_FIFO_svm_classifier_s_in_1_V_loc_channel_ram       |    <0.001 |
|         s_in_2_V_loc_channel_U                                 |    <0.001 |
|           U_FIFO_svm_classifier_s_in_2_V_loc_channel_ram       |    <0.001 |
|         s_in_3_V_loc_channel_U                                 |    <0.001 |
|           U_FIFO_svm_classifier_s_in_3_V_loc_channel_ram       |    <0.001 |
|         s_in_4_V_loc_channel_U                                 |    <0.001 |
|           U_FIFO_svm_classifier_s_in_4_V_loc_channel_ram       |    <0.001 |
|         s_in_5_V_loc_channel_U                                 |    <0.001 |
|           U_FIFO_svm_classifier_s_in_5_V_loc_channel_ram       |    <0.001 |
|         s_in_6_V_loc_channel_U                                 |    <0.001 |
|           U_FIFO_svm_classifier_s_in_6_V_loc_channel_ram       |    <0.001 |
|         s_in_7_V_loc_channel_U                                 |    <0.001 |
|           U_FIFO_svm_classifier_s_in_7_V_loc_channel_ram       |    <0.001 |
|         s_in_8_V_loc_channel_U                                 |    <0.001 |
|           U_FIFO_svm_classifier_s_in_8_V_loc_channel_ram       |    <0.001 |
|         s_in_9_V_loc_channel_U                                 |    <0.001 |
|           U_FIFO_svm_classifier_s_in_9_V_loc_channel_ram       |    <0.001 |
|         svm_classifier_AXILiteS_s_axi_U                        |     0.003 |
|         svm_classifier_Block_preheader_0_proc1_U0              |    <0.001 |
|         svm_classifier_Block_proc_U0                           |     0.001 |
|         svm_classifier_Loop_Sum_loop_proc1_U0                  |     0.445 |
|           SVs_V_0_U                                            |     0.002 |
|             svm_classifier_Loop_Sum_loop_proc1_SVs_V_0_rom_U   |     0.002 |
|           SVs_V_1_U                                            |     0.002 |
|             svm_classifier_Loop_Sum_loop_proc1_SVs_V_1_rom_U   |     0.002 |
|           SVs_V_2_U                                            |     0.002 |
|             svm_classifier_Loop_Sum_loop_proc1_SVs_V_2_rom_U   |     0.002 |
|           SVs_V_3_U                                            |     0.002 |
|             svm_classifier_Loop_Sum_loop_proc1_SVs_V_3_rom_U   |     0.002 |
|           SVs_V_4_U                                            |     0.002 |
|             svm_classifier_Loop_Sum_loop_proc1_SVs_V_4_rom_U   |     0.002 |
|           SVs_V_5_U                                            |     0.002 |
|             svm_classifier_Loop_Sum_loop_proc1_SVs_V_5_rom_U   |     0.002 |
|           SVs_V_6_U                                            |     0.002 |
|             svm_classifier_Loop_Sum_loop_proc1_SVs_V_6_rom_U   |     0.002 |
|           SVs_V_7_U                                            |     0.002 |
|             svm_classifier_Loop_Sum_loop_proc1_SVs_V_7_rom_U   |     0.002 |
|           SVs_V_8_U                                            |     0.002 |
|             svm_classifier_Loop_Sum_loop_proc1_SVs_V_8_rom_U   |     0.002 |
|           alpha_V_0_U                                          |    <0.001 |
|             svm_classifier_Loop_Sum_loop_proc1_alpha_V_0_rom_U |    <0.001 |
|           alpha_V_1_U                                          |    <0.001 |
|             svm_classifier_Loop_Sum_loop_proc1_alpha_V_1_rom_U |    <0.001 |
|           alpha_V_2_U                                          |    <0.001 |
|             svm_classifier_Loop_Sum_loop_proc1_alpha_V_2_rom_U |    <0.001 |
|           alpha_V_3_U                                          |    <0.001 |
|             svm_classifier_Loop_Sum_loop_proc1_alpha_V_3_rom_U |    <0.001 |
|           alpha_V_4_U                                          |    <0.001 |
|             svm_classifier_Loop_Sum_loop_proc1_alpha_V_4_rom_U |    <0.001 |
|           alpha_V_5_U                                          |    <0.001 |
|             svm_classifier_Loop_Sum_loop_proc1_alpha_V_5_rom_U |    <0.001 |
|           alpha_V_6_U                                          |    <0.001 |
|             svm_classifier_Loop_Sum_loop_proc1_alpha_V_6_rom_U |    <0.001 |
|           alpha_V_7_U                                          |    <0.001 |
|             svm_classifier_Loop_Sum_loop_proc1_alpha_V_7_rom_U |    <0.001 |
|           alpha_V_8_U                                          |    <0.001 |
|             svm_classifier_Loop_Sum_loop_proc1_alpha_V_8_rom_U |    <0.001 |
|           grp_svm_classifier_getTanh_fu_652                    |     0.013 |
|             cosh_lut_V_U                                       |     0.002 |
|               svm_classifier_getTanh_cosh_lut_V_rom_U          |     0.002 |
|             sinh_lut_V_U                                       |    <0.001 |
|               svm_classifier_getTanh_sinh_lut_V_rom_U          |    <0.001 |
|             svm_classifier_mul_12s_9ns_21_1_U3                 |    <0.001 |
|               svm_classifier_mul_12s_9ns_21_1_Mul_LUT_0_U      |    <0.001 |
|             svm_classifier_mul_12s_9ns_21_1_U4                 |    <0.001 |
|               svm_classifier_mul_12s_9ns_21_1_Mul_LUT_0_U      |    <0.001 |
|             svm_classifier_mul_12s_9ns_21_1_U5                 |    <0.001 |
|               svm_classifier_mul_12s_9ns_21_1_Mul_LUT_0_U      |    <0.001 |
|             svm_classifier_mul_12s_9ns_21_1_U6                 |    <0.001 |
|               svm_classifier_mul_12s_9ns_21_1_Mul_LUT_0_U      |    <0.001 |
|             svm_classifier_sdiv_13ns_8s_13_17_U7               |     0.007 |
|               svm_classifier_sdiv_13ns_8s_13_17_div_U          |     0.007 |
|                 svm_classifier_sdiv_13ns_8s_13_17_div_u_0      |     0.006 |
|           grp_svm_classifier_getTanh_fu_661                    |     0.013 |
|             cosh_lut_V_U                                       |     0.002 |
|               svm_classifier_getTanh_cosh_lut_V_rom_U          |     0.002 |
|             sinh_lut_V_U                                       |    <0.001 |
|               svm_classifier_getTanh_sinh_lut_V_rom_U          |    <0.001 |
|             svm_classifier_mul_12s_9ns_21_1_U3                 |    <0.001 |
|               svm_classifier_mul_12s_9ns_21_1_Mul_LUT_0_U      |    <0.001 |
|             svm_classifier_mul_12s_9ns_21_1_U4                 |    <0.001 |
|               svm_classifier_mul_12s_9ns_21_1_Mul_LUT_0_U      |    <0.001 |
|             svm_classifier_mul_12s_9ns_21_1_U5                 |    <0.001 |
|               svm_classifier_mul_12s_9ns_21_1_Mul_LUT_0_U      |    <0.001 |
|             svm_classifier_mul_12s_9ns_21_1_U6                 |    <0.001 |
|               svm_classifier_mul_12s_9ns_21_1_Mul_LUT_0_U      |    <0.001 |
|             svm_classifier_sdiv_13ns_8s_13_17_U7               |     0.007 |
|               svm_classifier_sdiv_13ns_8s_13_17_div_U          |     0.007 |
|                 svm_classifier_sdiv_13ns_8s_13_17_div_u_0      |     0.006 |
|           grp_svm_classifier_getTanh_fu_670                    |     0.013 |
|             cosh_lut_V_U                                       |     0.002 |
|               svm_classifier_getTanh_cosh_lut_V_rom_U          |     0.002 |
|             sinh_lut_V_U                                       |    <0.001 |
|               svm_classifier_getTanh_sinh_lut_V_rom_U          |    <0.001 |
|             svm_classifier_mul_12s_9ns_21_1_U3                 |    <0.001 |
|               svm_classifier_mul_12s_9ns_21_1_Mul_LUT_0_U      |    <0.001 |
|             svm_classifier_mul_12s_9ns_21_1_U4                 |    <0.001 |
|               svm_classifier_mul_12s_9ns_21_1_Mul_LUT_0_U      |    <0.001 |
|             svm_classifier_mul_12s_9ns_21_1_U5                 |    <0.001 |
|               svm_classifier_mul_12s_9ns_21_1_Mul_LUT_0_U      |    <0.001 |
|             svm_classifier_mul_12s_9ns_21_1_U6                 |    <0.001 |
|               svm_classifier_mul_12s_9ns_21_1_Mul_LUT_0_U      |    <0.001 |
|             svm_classifier_sdiv_13ns_8s_13_17_U7               |     0.007 |
|               svm_classifier_sdiv_13ns_8s_13_17_div_U          |     0.007 |
|                 svm_classifier_sdiv_13ns_8s_13_17_div_u_0      |     0.006 |
|           grp_svm_classifier_getTanh_fu_679                    |     0.013 |
|             cosh_lut_V_U                                       |     0.002 |
|               svm_classifier_getTanh_cosh_lut_V_rom_U          |     0.002 |
|             sinh_lut_V_U                                       |    <0.001 |
|               svm_classifier_getTanh_sinh_lut_V_rom_U          |    <0.001 |
|             svm_classifier_mul_12s_9ns_21_1_U3                 |    <0.001 |
|               svm_classifier_mul_12s_9ns_21_1_Mul_LUT_0_U      |    <0.001 |
|             svm_classifier_mul_12s_9ns_21_1_U4                 |    <0.001 |
|               svm_classifier_mul_12s_9ns_21_1_Mul_LUT_0_U      |    <0.001 |
|             svm_classifier_mul_12s_9ns_21_1_U5                 |    <0.001 |
|               svm_classifier_mul_12s_9ns_21_1_Mul_LUT_0_U      |    <0.001 |
|             svm_classifier_mul_12s_9ns_21_1_U6                 |    <0.001 |
|               svm_classifier_mul_12s_9ns_21_1_Mul_LUT_0_U      |    <0.001 |
|             svm_classifier_sdiv_13ns_8s_13_17_U7               |     0.007 |
|               svm_classifier_sdiv_13ns_8s_13_17_div_U          |     0.007 |
|                 svm_classifier_sdiv_13ns_8s_13_17_div_u_0      |     0.006 |
|           grp_svm_classifier_getTanh_fu_688                    |     0.013 |
|             cosh_lut_V_U                                       |     0.002 |
|               svm_classifier_getTanh_cosh_lut_V_rom_U          |     0.002 |
|             sinh_lut_V_U                                       |    <0.001 |
|               svm_classifier_getTanh_sinh_lut_V_rom_U          |    <0.001 |
|             svm_classifier_mul_12s_9ns_21_1_U3                 |    <0.001 |
|               svm_classifier_mul_12s_9ns_21_1_Mul_LUT_0_U      |    <0.001 |
|             svm_classifier_mul_12s_9ns_21_1_U4                 |    <0.001 |
|               svm_classifier_mul_12s_9ns_21_1_Mul_LUT_0_U      |    <0.001 |
|             svm_classifier_mul_12s_9ns_21_1_U5                 |    <0.001 |
|               svm_classifier_mul_12s_9ns_21_1_Mul_LUT_0_U      |    <0.001 |
|             svm_classifier_mul_12s_9ns_21_1_U6                 |    <0.001 |
|               svm_classifier_mul_12s_9ns_21_1_Mul_LUT_0_U      |    <0.001 |
|             svm_classifier_sdiv_13ns_8s_13_17_U7               |     0.007 |
|               svm_classifier_sdiv_13ns_8s_13_17_div_U          |     0.007 |
|                 svm_classifier_sdiv_13ns_8s_13_17_div_u_0      |     0.006 |
|           grp_svm_classifier_getTanh_fu_697                    |     0.013 |
|             cosh_lut_V_U                                       |     0.002 |
|               svm_classifier_getTanh_cosh_lut_V_rom_U          |     0.002 |
|             sinh_lut_V_U                                       |    <0.001 |
|               svm_classifier_getTanh_sinh_lut_V_rom_U          |    <0.001 |
|             svm_classifier_mul_12s_9ns_21_1_U3                 |    <0.001 |
|               svm_classifier_mul_12s_9ns_21_1_Mul_LUT_0_U      |    <0.001 |
|             svm_classifier_mul_12s_9ns_21_1_U4                 |    <0.001 |
|               svm_classifier_mul_12s_9ns_21_1_Mul_LUT_0_U      |    <0.001 |
|             svm_classifier_mul_12s_9ns_21_1_U5                 |    <0.001 |
|               svm_classifier_mul_12s_9ns_21_1_Mul_LUT_0_U      |    <0.001 |
|             svm_classifier_mul_12s_9ns_21_1_U6                 |    <0.001 |
|               svm_classifier_mul_12s_9ns_21_1_Mul_LUT_0_U      |    <0.001 |
|             svm_classifier_sdiv_13ns_8s_13_17_U7               |     0.007 |
|               svm_classifier_sdiv_13ns_8s_13_17_div_U          |     0.007 |
|                 svm_classifier_sdiv_13ns_8s_13_17_div_u_0      |     0.006 |
|           grp_svm_classifier_getTanh_fu_706                    |     0.013 |
|             cosh_lut_V_U                                       |     0.002 |
|               svm_classifier_getTanh_cosh_lut_V_rom_U          |     0.002 |
|             sinh_lut_V_U                                       |    <0.001 |
|               svm_classifier_getTanh_sinh_lut_V_rom_U          |    <0.001 |
|             svm_classifier_mul_12s_9ns_21_1_U3                 |    <0.001 |
|               svm_classifier_mul_12s_9ns_21_1_Mul_LUT_0_U      |    <0.001 |
|             svm_classifier_mul_12s_9ns_21_1_U4                 |    <0.001 |
|               svm_classifier_mul_12s_9ns_21_1_Mul_LUT_0_U      |    <0.001 |
|             svm_classifier_mul_12s_9ns_21_1_U5                 |    <0.001 |
|               svm_classifier_mul_12s_9ns_21_1_Mul_LUT_0_U      |    <0.001 |
|             svm_classifier_mul_12s_9ns_21_1_U6                 |    <0.001 |
|               svm_classifier_mul_12s_9ns_21_1_Mul_LUT_0_U      |    <0.001 |
|             svm_classifier_sdiv_13ns_8s_13_17_U7               |     0.007 |
|               svm_classifier_sdiv_13ns_8s_13_17_div_U          |     0.007 |
|                 svm_classifier_sdiv_13ns_8s_13_17_div_u_0      |     0.006 |
|           grp_svm_classifier_getTanh_fu_715                    |     0.013 |
|             cosh_lut_V_U                                       |     0.002 |
|               svm_classifier_getTanh_cosh_lut_V_rom_U          |     0.002 |
|             sinh_lut_V_U                                       |    <0.001 |
|               svm_classifier_getTanh_sinh_lut_V_rom_U          |    <0.001 |
|             svm_classifier_mul_12s_9ns_21_1_U3                 |    <0.001 |
|               svm_classifier_mul_12s_9ns_21_1_Mul_LUT_0_U      |    <0.001 |
|             svm_classifier_mul_12s_9ns_21_1_U4                 |    <0.001 |
|               svm_classifier_mul_12s_9ns_21_1_Mul_LUT_0_U      |    <0.001 |
|             svm_classifier_mul_12s_9ns_21_1_U5                 |    <0.001 |
|               svm_classifier_mul_12s_9ns_21_1_Mul_LUT_0_U      |    <0.001 |
|             svm_classifier_mul_12s_9ns_21_1_U6                 |    <0.001 |
|               svm_classifier_mul_12s_9ns_21_1_Mul_LUT_0_U      |    <0.001 |
|             svm_classifier_sdiv_13ns_8s_13_17_U7               |     0.007 |
|               svm_classifier_sdiv_13ns_8s_13_17_div_U          |     0.007 |
|                 svm_classifier_sdiv_13ns_8s_13_17_div_u_0      |     0.006 |
|           grp_svm_classifier_getTanh_fu_724                    |     0.013 |
|             cosh_lut_V_U                                       |     0.002 |
|               svm_classifier_getTanh_cosh_lut_V_rom_U          |     0.002 |
|             sinh_lut_V_U                                       |    <0.001 |
|               svm_classifier_getTanh_sinh_lut_V_rom_U          |    <0.001 |
|             svm_classifier_mul_12s_9ns_21_1_U3                 |    <0.001 |
|               svm_classifier_mul_12s_9ns_21_1_Mul_LUT_0_U      |    <0.001 |
|             svm_classifier_mul_12s_9ns_21_1_U4                 |    <0.001 |
|               svm_classifier_mul_12s_9ns_21_1_Mul_LUT_0_U      |    <0.001 |
|             svm_classifier_mul_12s_9ns_21_1_U5                 |    <0.001 |
|               svm_classifier_mul_12s_9ns_21_1_Mul_LUT_0_U      |    <0.001 |
|             svm_classifier_mul_12s_9ns_21_1_U6                 |    <0.001 |
|               svm_classifier_mul_12s_9ns_21_1_Mul_LUT_0_U      |    <0.001 |
|             svm_classifier_sdiv_13ns_8s_13_17_U7               |     0.007 |
|               svm_classifier_sdiv_13ns_8s_13_17_div_U          |     0.007 |
|                 svm_classifier_sdiv_13ns_8s_13_17_div_u_0      |     0.006 |
|           svm_classifier_mul_12s_8s_20_1_U55                   |    <0.001 |
|             svm_classifier_mul_12s_8s_20_1_Mul_LUT_5_U         |    <0.001 |
|           svm_classifier_mul_13s_13s_26_1_U38                  |    <0.001 |
|             svm_classifier_mul_13s_13s_26_1_Mul_LUT_3_U        |    <0.001 |
|           svm_classifier_mul_13s_8s_21_1_U47                   |    <0.001 |
|             svm_classifier_mul_13s_8s_21_1_Mul_LUT_4_U         |    <0.001 |
|           svm_classifier_mul_13s_8s_21_1_U48                   |    <0.001 |
|             svm_classifier_mul_13s_8s_21_1_Mul_LUT_4_U         |    <0.001 |
|           svm_classifier_mul_13s_8s_21_1_U49                   |    <0.001 |
|             svm_classifier_mul_13s_8s_21_1_Mul_LUT_4_U         |    <0.001 |
|           svm_classifier_mul_13s_8s_21_1_U50                   |    <0.001 |
|             svm_classifier_mul_13s_8s_21_1_Mul_LUT_4_U         |    <0.001 |
|           svm_classifier_mul_13s_8s_21_1_U51                   |    <0.001 |
|             svm_classifier_mul_13s_8s_21_1_Mul_LUT_4_U         |    <0.001 |
|           svm_classifier_mul_13s_8s_21_1_U52                   |    <0.001 |
|             svm_classifier_mul_13s_8s_21_1_Mul_LUT_4_U         |    <0.001 |
|           svm_classifier_mul_13s_8s_21_1_U53                   |    <0.001 |
|             svm_classifier_mul_13s_8s_21_1_Mul_LUT_4_U         |    <0.001 |
|           svm_classifier_mul_13s_8s_21_1_U54                   |     0.001 |
|             svm_classifier_mul_13s_8s_21_1_Mul_LUT_4_U         |     0.001 |
|           svm_classifier_mul_14s_13s_27_1_U14                  |    <0.001 |
|             svm_classifier_mul_14s_13s_27_1_Mul_LUT_2_U        |    <0.001 |
|           svm_classifier_mul_14s_13s_27_1_U18                  |    <0.001 |
|             svm_classifier_mul_14s_13s_27_1_Mul_LUT_2_U        |    <0.001 |
|           svm_classifier_mul_14s_13s_27_1_U22                  |    <0.001 |
|             svm_classifier_mul_14s_13s_27_1_Mul_LUT_2_U        |    <0.001 |
|           svm_classifier_mul_14s_13s_27_1_U26                  |    <0.001 |
|             svm_classifier_mul_14s_13s_27_1_Mul_LUT_2_U        |    <0.001 |
|           svm_classifier_mul_14s_13s_27_1_U30                  |    <0.001 |
|             svm_classifier_mul_14s_13s_27_1_Mul_LUT_2_U        |    <0.001 |
|           svm_classifier_mul_14s_13s_27_1_U34                  |    <0.001 |
|             svm_classifier_mul_14s_13s_27_1_Mul_LUT_2_U        |    <0.001 |
|           svm_classifier_mul_14s_13s_27_1_U42                  |    <0.001 |
|             svm_classifier_mul_14s_13s_27_1_Mul_LUT_2_U        |    <0.001 |
|           svm_classifier_mul_14s_13s_27_1_U46                  |    <0.001 |
|             svm_classifier_mul_14s_13s_27_1_Mul_LUT_2_U        |    <0.001 |
|           svm_classifier_mul_15s_13s_28_1_U11                  |    <0.001 |
|             svm_classifier_mul_15s_13s_28_1_Mul_LUT_1_U        |    <0.001 |
|           svm_classifier_mul_15s_13s_28_1_U12                  |    <0.001 |
|             svm_classifier_mul_15s_13s_28_1_Mul_LUT_1_U        |    <0.001 |
|           svm_classifier_mul_15s_13s_28_1_U13                  |    <0.001 |
|             svm_classifier_mul_15s_13s_28_1_Mul_LUT_1_U        |    <0.001 |
|           svm_classifier_mul_15s_13s_28_1_U15                  |    <0.001 |
|             svm_classifier_mul_15s_13s_28_1_Mul_LUT_1_U        |    <0.001 |
|           svm_classifier_mul_15s_13s_28_1_U16                  |    <0.001 |
|             svm_classifier_mul_15s_13s_28_1_Mul_LUT_1_U        |    <0.001 |
|           svm_classifier_mul_15s_13s_28_1_U17                  |    <0.001 |
|             svm_classifier_mul_15s_13s_28_1_Mul_LUT_1_U        |    <0.001 |
|           svm_classifier_mul_15s_13s_28_1_U19                  |    <0.001 |
|             svm_classifier_mul_15s_13s_28_1_Mul_LUT_1_U        |    <0.001 |
|           svm_classifier_mul_15s_13s_28_1_U20                  |    <0.001 |
|             svm_classifier_mul_15s_13s_28_1_Mul_LUT_1_U        |    <0.001 |
|           svm_classifier_mul_15s_13s_28_1_U21                  |    <0.001 |
|             svm_classifier_mul_15s_13s_28_1_Mul_LUT_1_U        |    <0.001 |
|           svm_classifier_mul_15s_13s_28_1_U23                  |    <0.001 |
|             svm_classifier_mul_15s_13s_28_1_Mul_LUT_1_U        |    <0.001 |
|           svm_classifier_mul_15s_13s_28_1_U24                  |    <0.001 |
|             svm_classifier_mul_15s_13s_28_1_Mul_LUT_1_U        |    <0.001 |
|           svm_classifier_mul_15s_13s_28_1_U25                  |    <0.001 |
|             svm_classifier_mul_15s_13s_28_1_Mul_LUT_1_U        |    <0.001 |
|           svm_classifier_mul_15s_13s_28_1_U27                  |    <0.001 |
|             svm_classifier_mul_15s_13s_28_1_Mul_LUT_1_U        |    <0.001 |
|           svm_classifier_mul_15s_13s_28_1_U28                  |    <0.001 |
|             svm_classifier_mul_15s_13s_28_1_Mul_LUT_1_U        |    <0.001 |
|           svm_classifier_mul_15s_13s_28_1_U29                  |    <0.001 |
|             svm_classifier_mul_15s_13s_28_1_Mul_LUT_1_U        |    <0.001 |
|           svm_classifier_mul_15s_13s_28_1_U31                  |    <0.001 |
|             svm_classifier_mul_15s_13s_28_1_Mul_LUT_1_U        |    <0.001 |
|           svm_classifier_mul_15s_13s_28_1_U32                  |    <0.001 |
|             svm_classifier_mul_15s_13s_28_1_Mul_LUT_1_U        |    <0.001 |
|           svm_classifier_mul_15s_13s_28_1_U33                  |    <0.001 |
|             svm_classifier_mul_15s_13s_28_1_Mul_LUT_1_U        |    <0.001 |
|           svm_classifier_mul_15s_13s_28_1_U35                  |    <0.001 |
|             svm_classifier_mul_15s_13s_28_1_Mul_LUT_1_U        |    <0.001 |
|           svm_classifier_mul_15s_13s_28_1_U36                  |    <0.001 |
|             svm_classifier_mul_15s_13s_28_1_Mul_LUT_1_U        |    <0.001 |
|           svm_classifier_mul_15s_13s_28_1_U37                  |    <0.001 |
|             svm_classifier_mul_15s_13s_28_1_Mul_LUT_1_U        |    <0.001 |
|           svm_classifier_mul_15s_13s_28_1_U39                  |    <0.001 |
|             svm_classifier_mul_15s_13s_28_1_Mul_LUT_1_U        |    <0.001 |
|           svm_classifier_mul_15s_13s_28_1_U40                  |    <0.001 |
|             svm_classifier_mul_15s_13s_28_1_Mul_LUT_1_U        |    <0.001 |
|           svm_classifier_mul_15s_13s_28_1_U41                  |    <0.001 |
|             svm_classifier_mul_15s_13s_28_1_Mul_LUT_1_U        |    <0.001 |
|           svm_classifier_mul_15s_13s_28_1_U43                  |    <0.001 |
|             svm_classifier_mul_15s_13s_28_1_Mul_LUT_1_U        |    <0.001 |
|           svm_classifier_mul_15s_13s_28_1_U44                  |    <0.001 |
|             svm_classifier_mul_15s_13s_28_1_Mul_LUT_1_U        |    <0.001 |
|           svm_classifier_mul_15s_13s_28_1_U45                  |    <0.001 |
|             svm_classifier_mul_15s_13s_28_1_Mul_LUT_1_U        |    <0.001 |
|           svm_classifier_mul_mul_13s_15s_26_1_U100             |     0.001 |
|             svm_classifier_mul_mul_13s_15s_26_1_DSP48_1_U      |     0.001 |
|           svm_classifier_mul_mul_13s_15s_26_1_U101             |     0.001 |
|             svm_classifier_mul_mul_13s_15s_26_1_DSP48_1_U      |     0.001 |
|           svm_classifier_mul_mul_13s_15s_26_1_U102             |     0.001 |
|             svm_classifier_mul_mul_13s_15s_26_1_DSP48_1_U      |     0.001 |
|           svm_classifier_mul_mul_13s_15s_26_1_U103             |     0.002 |
|             svm_classifier_mul_mul_13s_15s_26_1_DSP48_1_U      |     0.002 |
|           svm_classifier_mul_mul_13s_15s_26_1_U104             |     0.001 |
|             svm_classifier_mul_mul_13s_15s_26_1_DSP48_1_U      |     0.001 |
|           svm_classifier_mul_mul_13s_15s_26_1_U105             |     0.001 |
|             svm_classifier_mul_mul_13s_15s_26_1_DSP48_1_U      |     0.001 |
|           svm_classifier_mul_mul_13s_15s_26_1_U106             |     0.001 |
|             svm_classifier_mul_mul_13s_15s_26_1_DSP48_1_U      |     0.001 |
|           svm_classifier_mul_mul_13s_15s_26_1_U107             |     0.001 |
|             svm_classifier_mul_mul_13s_15s_26_1_DSP48_1_U      |     0.001 |
|           svm_classifier_mul_mul_13s_15s_26_1_U108             |     0.001 |
|             svm_classifier_mul_mul_13s_15s_26_1_DSP48_1_U      |     0.001 |
|           svm_classifier_mul_mul_13s_15s_26_1_U109             |     0.001 |
|             svm_classifier_mul_mul_13s_15s_26_1_DSP48_1_U      |     0.001 |
|           svm_classifier_mul_mul_13s_15s_26_1_U110             |     0.001 |
|             svm_classifier_mul_mul_13s_15s_26_1_DSP48_1_U      |     0.001 |
|           svm_classifier_mul_mul_13s_15s_26_1_U111             |     0.001 |
|             svm_classifier_mul_mul_13s_15s_26_1_DSP48_1_U      |     0.001 |
|           svm_classifier_mul_mul_13s_15s_26_1_U112             |     0.001 |
|             svm_classifier_mul_mul_13s_15s_26_1_DSP48_1_U      |     0.001 |
|           svm_classifier_mul_mul_13s_15s_26_1_U113             |     0.001 |
|             svm_classifier_mul_mul_13s_15s_26_1_DSP48_1_U      |     0.001 |
|           svm_classifier_mul_mul_13s_15s_26_1_U114             |     0.001 |
|             svm_classifier_mul_mul_13s_15s_26_1_DSP48_1_U      |     0.001 |
|           svm_classifier_mul_mul_13s_15s_26_1_U115             |     0.002 |
|             svm_classifier_mul_mul_13s_15s_26_1_DSP48_1_U      |     0.002 |
|           svm_classifier_mul_mul_13s_15s_26_1_U116             |     0.002 |
|             svm_classifier_mul_mul_13s_15s_26_1_DSP48_1_U      |     0.002 |
|           svm_classifier_mul_mul_13s_15s_26_1_U117             |     0.001 |
|             svm_classifier_mul_mul_13s_15s_26_1_DSP48_1_U      |     0.001 |
|           svm_classifier_mul_mul_13s_15s_26_1_U118             |     0.002 |
|             svm_classifier_mul_mul_13s_15s_26_1_DSP48_1_U      |     0.002 |
|           svm_classifier_mul_mul_13s_15s_26_1_U119             |     0.001 |
|             svm_classifier_mul_mul_13s_15s_26_1_DSP48_1_U      |     0.001 |
|           svm_classifier_mul_mul_13s_15s_26_1_U120             |     0.001 |
|             svm_classifier_mul_mul_13s_15s_26_1_DSP48_1_U      |     0.001 |
|           svm_classifier_mul_mul_13s_15s_26_1_U121             |     0.001 |
|             svm_classifier_mul_mul_13s_15s_26_1_DSP48_1_U      |     0.001 |
|           svm_classifier_mul_mul_13s_15s_26_1_U122             |     0.001 |
|             svm_classifier_mul_mul_13s_15s_26_1_DSP48_1_U      |     0.001 |
|           svm_classifier_mul_mul_13s_15s_26_1_U123             |     0.001 |
|             svm_classifier_mul_mul_13s_15s_26_1_DSP48_1_U      |     0.001 |
|           svm_classifier_mul_mul_13s_15s_26_1_U124             |     0.001 |
|             svm_classifier_mul_mul_13s_15s_26_1_DSP48_1_U      |     0.001 |
|           svm_classifier_mul_mul_13s_15s_26_1_U125             |     0.002 |
|             svm_classifier_mul_mul_13s_15s_26_1_DSP48_1_U      |     0.002 |
|           svm_classifier_mul_mul_13s_15s_26_1_U126             |     0.001 |
|             svm_classifier_mul_mul_13s_15s_26_1_DSP48_1_U      |     0.001 |
|           svm_classifier_mul_mul_13s_15s_26_1_U127             |     0.001 |
|             svm_classifier_mul_mul_13s_15s_26_1_DSP48_1_U      |     0.001 |
|           svm_classifier_mul_mul_13s_15s_26_1_U128             |     0.001 |
|             svm_classifier_mul_mul_13s_15s_26_1_DSP48_1_U      |     0.001 |
|           svm_classifier_mul_mul_13s_15s_26_1_U129             |     0.001 |
|             svm_classifier_mul_mul_13s_15s_26_1_DSP48_1_U      |     0.001 |
|           svm_classifier_mul_mul_13s_15s_26_1_U130             |     0.001 |
|             svm_classifier_mul_mul_13s_15s_26_1_DSP48_1_U      |     0.001 |
|           svm_classifier_mul_mul_13s_15s_26_1_U131             |     0.001 |
|             svm_classifier_mul_mul_13s_15s_26_1_DSP48_1_U      |     0.001 |
|           svm_classifier_mul_mul_13s_15s_26_1_U132             |     0.001 |
|             svm_classifier_mul_mul_13s_15s_26_1_DSP48_1_U      |     0.001 |
|           svm_classifier_mul_mul_13s_15s_26_1_U133             |     0.002 |
|             svm_classifier_mul_mul_13s_15s_26_1_DSP48_1_U      |     0.002 |
|           svm_classifier_mul_mul_13s_15s_26_1_U134             |     0.002 |
|             svm_classifier_mul_mul_13s_15s_26_1_DSP48_1_U      |     0.002 |
|           svm_classifier_mul_mul_13s_15s_26_1_U135             |     0.001 |
|             svm_classifier_mul_mul_13s_15s_26_1_DSP48_1_U      |     0.001 |
|           svm_classifier_mul_mul_13s_15s_26_1_U136             |     0.001 |
|             svm_classifier_mul_mul_13s_15s_26_1_DSP48_1_U      |     0.001 |
|           svm_classifier_mul_mul_13s_15s_26_1_U137             |     0.001 |
|             svm_classifier_mul_mul_13s_15s_26_1_DSP48_1_U      |     0.001 |
|           svm_classifier_mul_mul_13s_15s_26_1_U138             |     0.002 |
|             svm_classifier_mul_mul_13s_15s_26_1_DSP48_1_U      |     0.002 |
|           svm_classifier_mul_mul_13s_15s_26_1_U139             |     0.001 |
|             svm_classifier_mul_mul_13s_15s_26_1_DSP48_1_U      |     0.001 |
|           svm_classifier_mul_mul_13s_15s_26_1_U140             |     0.001 |
|             svm_classifier_mul_mul_13s_15s_26_1_DSP48_1_U      |     0.001 |
|           svm_classifier_mul_mul_13s_15s_26_1_U141             |     0.001 |
|             svm_classifier_mul_mul_13s_15s_26_1_DSP48_1_U      |     0.001 |
|           svm_classifier_mul_mul_13s_15s_26_1_U142             |     0.002 |
|             svm_classifier_mul_mul_13s_15s_26_1_DSP48_1_U      |     0.002 |
|           svm_classifier_mul_mul_13s_15s_26_1_U58              |     0.001 |
|             svm_classifier_mul_mul_13s_15s_26_1_DSP48_1_U      |     0.001 |
|           svm_classifier_mul_mul_13s_15s_26_1_U65              |     0.001 |
|             svm_classifier_mul_mul_13s_15s_26_1_DSP48_1_U      |     0.001 |
|           svm_classifier_mul_mul_13s_15s_26_1_U66              |     0.001 |
|             svm_classifier_mul_mul_13s_15s_26_1_DSP48_1_U      |     0.001 |
|           svm_classifier_mul_mul_13s_15s_26_1_U67              |     0.001 |
|             svm_classifier_mul_mul_13s_15s_26_1_DSP48_1_U      |     0.001 |
|           svm_classifier_mul_mul_13s_15s_26_1_U68              |     0.001 |
|             svm_classifier_mul_mul_13s_15s_26_1_DSP48_1_U      |     0.001 |
|           svm_classifier_mul_mul_13s_15s_26_1_U69              |     0.001 |
|             svm_classifier_mul_mul_13s_15s_26_1_DSP48_1_U      |     0.001 |
|           svm_classifier_mul_mul_13s_15s_26_1_U70              |     0.001 |
|             svm_classifier_mul_mul_13s_15s_26_1_DSP48_1_U      |     0.001 |
|           svm_classifier_mul_mul_13s_15s_26_1_U71              |     0.001 |
|             svm_classifier_mul_mul_13s_15s_26_1_DSP48_1_U      |     0.001 |
|           svm_classifier_mul_mul_13s_15s_26_1_U73              |     0.001 |
|             svm_classifier_mul_mul_13s_15s_26_1_DSP48_1_U      |     0.001 |
|           svm_classifier_mul_mul_13s_15s_26_1_U74              |     0.001 |
|             svm_classifier_mul_mul_13s_15s_26_1_DSP48_1_U      |     0.001 |
|           svm_classifier_mul_mul_13s_15s_26_1_U75              |     0.002 |
|             svm_classifier_mul_mul_13s_15s_26_1_DSP48_1_U      |     0.002 |
|           svm_classifier_mul_mul_13s_15s_26_1_U76              |     0.001 |
|             svm_classifier_mul_mul_13s_15s_26_1_DSP48_1_U      |     0.001 |
|           svm_classifier_mul_mul_13s_15s_26_1_U77              |     0.001 |
|             svm_classifier_mul_mul_13s_15s_26_1_DSP48_1_U      |     0.001 |
|           svm_classifier_mul_mul_13s_15s_26_1_U78              |     0.001 |
|             svm_classifier_mul_mul_13s_15s_26_1_DSP48_1_U      |     0.001 |
|           svm_classifier_mul_mul_13s_15s_26_1_U79              |     0.001 |
|             svm_classifier_mul_mul_13s_15s_26_1_DSP48_1_U      |     0.001 |
|           svm_classifier_mul_mul_13s_15s_26_1_U81              |     0.001 |
|             svm_classifier_mul_mul_13s_15s_26_1_DSP48_1_U      |     0.001 |
|           svm_classifier_mul_mul_13s_15s_26_1_U84              |     0.001 |
|             svm_classifier_mul_mul_13s_15s_26_1_DSP48_1_U      |     0.001 |
|           svm_classifier_mul_mul_13s_15s_26_1_U85              |     0.001 |
|             svm_classifier_mul_mul_13s_15s_26_1_DSP48_1_U      |     0.001 |
|           svm_classifier_mul_mul_13s_15s_26_1_U89              |     0.001 |
|             svm_classifier_mul_mul_13s_15s_26_1_DSP48_1_U      |     0.001 |
|           svm_classifier_mul_mul_13s_15s_26_1_U90              |     0.002 |
|             svm_classifier_mul_mul_13s_15s_26_1_DSP48_1_U      |     0.002 |
|           svm_classifier_mul_mul_13s_15s_26_1_U91              |     0.002 |
|             svm_classifier_mul_mul_13s_15s_26_1_DSP48_1_U      |     0.002 |
|           svm_classifier_mul_mul_13s_15s_26_1_U92              |     0.001 |
|             svm_classifier_mul_mul_13s_15s_26_1_DSP48_1_U      |     0.001 |
|           svm_classifier_mul_mul_13s_15s_26_1_U93              |     0.001 |
|             svm_classifier_mul_mul_13s_15s_26_1_DSP48_1_U      |     0.001 |
|           svm_classifier_mul_mul_13s_15s_26_1_U94              |     0.001 |
|             svm_classifier_mul_mul_13s_15s_26_1_DSP48_1_U      |     0.001 |
|           svm_classifier_mul_mul_13s_15s_26_1_U95              |     0.001 |
|             svm_classifier_mul_mul_13s_15s_26_1_DSP48_1_U      |     0.001 |
|           svm_classifier_mul_mul_13s_15s_26_1_U96              |     0.001 |
|             svm_classifier_mul_mul_13s_15s_26_1_DSP48_1_U      |     0.001 |
|           svm_classifier_mul_mul_13s_15s_26_1_U97              |     0.001 |
|             svm_classifier_mul_mul_13s_15s_26_1_DSP48_1_U      |     0.001 |
|           svm_classifier_mul_mul_13s_15s_26_1_U98              |     0.001 |
|             svm_classifier_mul_mul_13s_15s_26_1_DSP48_1_U      |     0.001 |
|           svm_classifier_mul_mul_13s_15s_26_1_U99              |     0.001 |
|             svm_classifier_mul_mul_13s_15s_26_1_DSP48_1_U      |     0.001 |
|           svm_classifier_mul_mul_15s_13s_26_1_U143             |     0.001 |
|             svm_classifier_mul_mul_15s_13s_26_1_DSP48_0_U      |     0.001 |
|           svm_classifier_mul_mul_15s_13s_26_1_U144             |     0.001 |
|             svm_classifier_mul_mul_15s_13s_26_1_DSP48_0_U      |     0.001 |
|           svm_classifier_mul_mul_15s_13s_26_1_U145             |     0.001 |
|             svm_classifier_mul_mul_15s_13s_26_1_DSP48_0_U      |     0.001 |
|           svm_classifier_mul_mul_15s_13s_26_1_U146             |     0.001 |
|             svm_classifier_mul_mul_15s_13s_26_1_DSP48_0_U      |     0.001 |
|           svm_classifier_mul_mul_15s_13s_26_1_U147             |     0.002 |
|             svm_classifier_mul_mul_15s_13s_26_1_DSP48_0_U      |     0.002 |
|           svm_classifier_mul_mul_15s_13s_26_1_U148             |     0.001 |
|             svm_classifier_mul_mul_15s_13s_26_1_DSP48_0_U      |     0.001 |
|           svm_classifier_mul_mul_15s_13s_26_1_U149             |     0.002 |
|             svm_classifier_mul_mul_15s_13s_26_1_DSP48_0_U      |     0.002 |
|           svm_classifier_mul_mul_15s_13s_26_1_U150             |     0.001 |
|             svm_classifier_mul_mul_15s_13s_26_1_DSP48_0_U      |     0.001 |
|           svm_classifier_mul_mul_15s_13s_26_1_U151             |     0.001 |
|             svm_classifier_mul_mul_15s_13s_26_1_DSP48_0_U      |     0.001 |
|           svm_classifier_mul_mul_15s_13s_26_1_U152             |     0.001 |
|             svm_classifier_mul_mul_15s_13s_26_1_DSP48_0_U      |     0.001 |
|           svm_classifier_mul_mul_15s_13s_26_1_U153             |     0.001 |
|             svm_classifier_mul_mul_15s_13s_26_1_DSP48_0_U      |     0.001 |
|           svm_classifier_mul_mul_15s_13s_26_1_U154             |     0.001 |
|             svm_classifier_mul_mul_15s_13s_26_1_DSP48_0_U      |     0.001 |
|           svm_classifier_mul_mul_15s_13s_26_1_U155             |     0.002 |
|             svm_classifier_mul_mul_15s_13s_26_1_DSP48_0_U      |     0.002 |
|           svm_classifier_mul_mul_15s_13s_26_1_U156             |     0.001 |
|             svm_classifier_mul_mul_15s_13s_26_1_DSP48_0_U      |     0.001 |
|           svm_classifier_mul_mul_15s_13s_26_1_U157             |     0.002 |
|             svm_classifier_mul_mul_15s_13s_26_1_DSP48_0_U      |     0.002 |
|           svm_classifier_mul_mul_15s_13s_26_1_U158             |     0.001 |
|             svm_classifier_mul_mul_15s_13s_26_1_DSP48_0_U      |     0.001 |
|           svm_classifier_mul_mul_15s_13s_26_1_U159             |     0.001 |
|             svm_classifier_mul_mul_15s_13s_26_1_DSP48_0_U      |     0.001 |
|           svm_classifier_mul_mul_15s_13s_26_1_U160             |     0.001 |
|             svm_classifier_mul_mul_15s_13s_26_1_DSP48_0_U      |     0.001 |
|           svm_classifier_mul_mul_15s_13s_26_1_U161             |     0.001 |
|             svm_classifier_mul_mul_15s_13s_26_1_DSP48_0_U      |     0.001 |
|           svm_classifier_mul_mul_15s_13s_26_1_U162             |     0.001 |
|             svm_classifier_mul_mul_15s_13s_26_1_DSP48_0_U      |     0.001 |
|           svm_classifier_mul_mul_15s_13s_26_1_U163             |     0.001 |
|             svm_classifier_mul_mul_15s_13s_26_1_DSP48_0_U      |     0.001 |
|           svm_classifier_mul_mul_15s_13s_26_1_U56              |     0.001 |
|             svm_classifier_mul_mul_15s_13s_26_1_DSP48_0_U      |     0.001 |
|           svm_classifier_mul_mul_15s_13s_26_1_U57              |     0.001 |
|             svm_classifier_mul_mul_15s_13s_26_1_DSP48_0_U      |     0.001 |
|           svm_classifier_mul_mul_15s_13s_26_1_U59              |     0.001 |
|             svm_classifier_mul_mul_15s_13s_26_1_DSP48_0_U      |     0.001 |
|           svm_classifier_mul_mul_15s_13s_26_1_U60              |     0.001 |
|             svm_classifier_mul_mul_15s_13s_26_1_DSP48_0_U      |     0.001 |
|           svm_classifier_mul_mul_15s_13s_26_1_U61              |     0.001 |
|             svm_classifier_mul_mul_15s_13s_26_1_DSP48_0_U      |     0.001 |
|           svm_classifier_mul_mul_15s_13s_26_1_U62              |     0.002 |
|             svm_classifier_mul_mul_15s_13s_26_1_DSP48_0_U      |     0.002 |
|           svm_classifier_mul_mul_15s_13s_26_1_U63              |     0.001 |
|             svm_classifier_mul_mul_15s_13s_26_1_DSP48_0_U      |     0.001 |
|           svm_classifier_mul_mul_15s_13s_26_1_U64              |     0.001 |
|             svm_classifier_mul_mul_15s_13s_26_1_DSP48_0_U      |     0.001 |
|           svm_classifier_mul_mul_15s_13s_26_1_U72              |     0.001 |
|             svm_classifier_mul_mul_15s_13s_26_1_DSP48_0_U      |     0.001 |
|           svm_classifier_mul_mul_15s_13s_26_1_U80              |     0.002 |
|             svm_classifier_mul_mul_15s_13s_26_1_DSP48_0_U      |     0.002 |
|           svm_classifier_mul_mul_15s_13s_26_1_U82              |     0.001 |
|             svm_classifier_mul_mul_15s_13s_26_1_DSP48_0_U      |     0.001 |
|           svm_classifier_mul_mul_15s_13s_26_1_U83              |     0.001 |
|             svm_classifier_mul_mul_15s_13s_26_1_DSP48_0_U      |     0.001 |
|           svm_classifier_mul_mul_15s_13s_26_1_U86              |     0.001 |
|             svm_classifier_mul_mul_15s_13s_26_1_DSP48_0_U      |     0.001 |
|           svm_classifier_mul_mul_15s_13s_26_1_U87              |     0.001 |
|             svm_classifier_mul_mul_15s_13s_26_1_DSP48_0_U      |     0.001 |
|           svm_classifier_mul_mul_15s_13s_26_1_U88              |     0.001 |
|             svm_classifier_mul_mul_15s_13s_26_1_DSP48_0_U      |     0.001 |
|     xlconcat_0                                                 |     0.000 |
+----------------------------------------------------------------+-----------+


